cyberian-cherubim@CYB3R14:~$ sudo dmesg -w
[    0.000000] Linux version 6.12.0-124.40.1.el10_1.x86_64 (mockbuild@ef9b175910b2430fa37f7286f8f1732e) (gcc (GCC) 14.3.1 20250617 (Red Hat 14.3.1-2), GNU ld version 2.41-58.el10_1.2) #1 SMP PREEMPT_DYNAMIC Thu Feb 19 19:08:39 EST 2026
[    0.000000] Command line: BOOT_IMAGE=(hd3,gpt1)/vmlinuz-6.12.0-124.40.1.el10_1.x86_64 root=/dev/mapper/What--The--Rheliii-RHIZOME ro boot=UUID=b3e6ae76-a2b9-4607-a7b7-bf0cab3e8c79 resume=UUID=8829afeb-743a-4ced-a97d-ac2bb248e19e rd.lvm.lv=What-The-Rheliii/RHIZOME rd.luks.uuid=luks-359cd55d-5003-4eb3-8c4c-418c142b1e03 rd.lvm.lv=What-The-Rheliii/EL1SH4-SP1R1T fips=1 spec_store_bypass_disable=on intel_iommu=on iommu=pt rd.driver.pre=nouveau video=efifb:mode=1920x1080 rd.driver.blacklist=nouveau modprobe.blacklist=nouveau nouveau.modeset=0 crashkernel=2G-64G:256M,64G-:512M
[    0.000000] x86/split lock detection: #AC: crashing the kernel on kernel split_locks and warning on user-space split_locks
[    0.000000] BIOS-provided physical RAM map:
[    0.000000] BIOS-e820: [mem 0x0000000000000000-0x000000000009dfff] usable
[    0.000000] BIOS-e820: [mem 0x000000000009e000-0x000000000009efff] reserved
[    0.000000] BIOS-e820: [mem 0x000000000009f000-0x000000000009ffff] usable
[    0.000000] BIOS-e820: [mem 0x00000000000a0000-0x00000000000fffff] reserved
[    0.000000] BIOS-e820: [mem 0x0000000000100000-0x000000006e79cfff] usable
[    0.000000] BIOS-e820: [mem 0x000000006e79d000-0x0000000075774fff] reserved
[    0.000000] BIOS-e820: [mem 0x0000000075775000-0x00000000758fbfff] ACPI data
[    0.000000] BIOS-e820: [mem 0x00000000758fc000-0x0000000075a20fff] ACPI NVS
[    0.000000] BIOS-e820: [mem 0x0000000075a21000-0x00000000767fefff] reserved
[    0.000000] BIOS-e820: [mem 0x00000000767ff000-0x00000000767fffff] usable
[    0.000000] BIOS-e820: [mem 0x0000000076800000-0x000000007cffffff] reserved
[    0.000000] BIOS-e820: [mem 0x000000007dc00000-0x000000007fffffff] reserved
[    0.000000] BIOS-e820: [mem 0x00000000c0000000-0x00000000cfffffff] reserved
[    0.000000] BIOS-e820: [mem 0x00000000fe000000-0x00000000fe010fff] reserved
[    0.000000] BIOS-e820: [mem 0x00000000fec00000-0x00000000fec00fff] reserved
[    0.000000] BIOS-e820: [mem 0x00000000fed00000-0x00000000fed00fff] reserved
[    0.000000] BIOS-e820: [mem 0x00000000fed20000-0x00000000fed7ffff] reserved
[    0.000000] BIOS-e820: [mem 0x00000000fee00000-0x00000000fee00fff] reserved
[    0.000000] BIOS-e820: [mem 0x00000000ff000000-0x00000000ffffffff] reserved
[    0.000000] BIOS-e820: [mem 0x0000000100000000-0x000000147fffffff] usable
[    0.000000] NX (Execute Disable) protection: active
[    0.000000] APIC: Static calls initialized
[    0.000000] e820: update [mem 0x5f22c018-0x5f250657] usable ==> usable
[    0.000000] extended physical RAM map:
[    0.000000] reserve setup_data: [mem 0x0000000000000000-0x000000000009dfff] usable
[    0.000000] reserve setup_data: [mem 0x000000000009e000-0x000000000009efff] reserved
[    0.000000] reserve setup_data: [mem 0x000000000009f000-0x000000000009ffff] usable
[    0.000000] reserve setup_data: [mem 0x00000000000a0000-0x00000000000fffff] reserved
[    0.000000] reserve setup_data: [mem 0x0000000000100000-0x000000005f22c017] usable
[    0.000000] reserve setup_data: [mem 0x000000005f22c018-0x000000005f250657] usable
[    0.000000] reserve setup_data: [mem 0x000000005f250658-0x000000006e79cfff] usable
[    0.000000] reserve setup_data: [mem 0x000000006e79d000-0x0000000075774fff] reserved
[    0.000000] reserve setup_data: [mem 0x0000000075775000-0x00000000758fbfff] ACPI data
[    0.000000] reserve setup_data: [mem 0x00000000758fc000-0x0000000075a20fff] ACPI NVS
[    0.000000] reserve setup_data: [mem 0x0000000075a21000-0x00000000767fefff] reserved
[    0.000000] reserve setup_data: [mem 0x00000000767ff000-0x00000000767fffff] usable
[    0.000000] reserve setup_data: [mem 0x0000000076800000-0x000000007cffffff] reserved
[    0.000000] reserve setup_data: [mem 0x000000007dc00000-0x000000007fffffff] reserved
[    0.000000] reserve setup_data: [mem 0x00000000c0000000-0x00000000cfffffff] reserved
[    0.000000] reserve setup_data: [mem 0x00000000fe000000-0x00000000fe010fff] reserved
[    0.000000] reserve setup_data: [mem 0x00000000fec00000-0x00000000fec00fff] reserved
[    0.000000] reserve setup_data: [mem 0x00000000fed00000-0x00000000fed00fff] reserved
[    0.000000] reserve setup_data: [mem 0x00000000fed20000-0x00000000fed7ffff] reserved
[    0.000000] reserve setup_data: [mem 0x00000000fee00000-0x00000000fee00fff] reserved
[    0.000000] reserve setup_data: [mem 0x00000000ff000000-0x00000000ffffffff] reserved
[    0.000000] reserve setup_data: [mem 0x0000000100000000-0x000000147fffffff] usable
[    0.000000] efi: EFI v2.8 by American Megatrends
[    0.000000] efi: ACPI=0x758fb000 ACPI 2.0=0x758fb014 TPMFinalLog=0x7599d000 SMBIOS=0x7636d000 SMBIOS 3.0=0x7636c000 MEMATTR=0x69eb4098 ESRT=0x6c063898 MOKvar=0x760b7000 RNG=0x757f8018 TPMEventLog=0x757ea018 
[    0.000000] random: crng init done
[    0.000000] efi: Remove mem182: MMIO range=[0xc0000000-0xcfffffff] (256MB) from e820 map
[    0.000000] e820: remove [mem 0xc0000000-0xcfffffff] reserved
[    0.000000] efi: Not removing mem183: MMIO range=[0xfe000000-0xfe010fff] (68KB) from e820 map
[    0.000000] efi: Not removing mem184: MMIO range=[0xfec00000-0xfec00fff] (4KB) from e820 map
[    0.000000] efi: Not removing mem185: MMIO range=[0xfed00000-0xfed00fff] (4KB) from e820 map
[    0.000000] efi: Not removing mem187: MMIO range=[0xfee00000-0xfee00fff] (4KB) from e820 map
[    0.000000] efi: Remove mem188: MMIO range=[0xff000000-0xffffffff] (16MB) from e820 map
[    0.000000] e820: remove [mem 0xff000000-0xffffffff] reserved
[    0.000000] secureboot: Secure boot enabled
[    0.000000] Kernel is locked down from EFI Secure Boot mode; see man kernel_lockdown.7
[    0.000000] SMBIOS 3.6.0 present.
[    0.000000] DMI: LENOVO R3J4GU4R/3769, BIOS O5TKT3EA 09/18/2025
[    0.000000] DMI: Memory slots populated: 4/4
[    0.000000] tsc: Detected 2500.000 MHz processor
[    0.000000] tsc: Detected 2496.000 MHz TSC
[    0.001193] e820: update [mem 0x00000000-0x00000fff] usable ==> reserved
[    0.001195] e820: remove [mem 0x000a0000-0x000fffff] usable
[    0.001201] last_pfn = 0x1480000 max_arch_pfn = 0x400000000
[    0.001203] MTRR map: 5 entries (3 fixed + 2 variable; max 23), built from 10 variable MTRRs
[    0.001205] x86/PAT: Configuration [0-7]: WB  WC  UC- UC  WB  WP  UC- WT  
[    0.001515] last_pfn = 0x76800 max_arch_pfn = 0x400000000
[    0.005854] esrt: Reserving ESRT space from 0x000000006c063898 to 0x000000006c063948.
[    0.005860] e820: update [mem 0x6c063000-0x6c063fff] usable ==> reserved
[    0.005886] Using GB pages for direct mapping
[    0.005961] secureboot: Secure boot enabled
[    0.005961] RAMDISK: [mem 0x4b350000-0x50b82fff]
[    0.005965] ACPI: Early table checksum verification disabled
[    0.005967] ACPI: RSDP 0x00000000758FB014 000024 (v02 LENOVO)
[    0.005970] ACPI: XSDT 0x00000000758FA728 00010C (v01 LENOVO TC-O5T   000013E0 AMI  01000013)
[    0.005975] ACPI: FACP 0x00000000758F9000 000114 (v06 LENOVO TC-O5T   000013E0 AMI  01000013)
[    0.005978] ACPI: DSDT 0x0000000075866000 09236C (v02 LENOVO TC-O5T   000013E0 INTL 20200717)
[    0.005980] ACPI: FACS 0x0000000075A20000 000040
[    0.005982] ACPI: FIDT 0x0000000075865000 00009C (v01 LENOVO TC-O5T   000013E0 AMI  00010013)
[    0.005984] ACPI: SSDT 0x0000000075864000 00038C (v02 LENOVO TC-O5T   000013E0 INTL 20200717)
[    0.005986] ACPI: SSDT 0x000000007585E000 005D34 (v02 LENOVO TC-O5T   000013E0 INTL 20200717)
[    0.005987] ACPI: MSDM 0x000000007585D000 000055 (v03 LENOVO TC-O5T   000013E0 AMI  00010013)
[    0.005989] ACPI: SSDT 0x000000007585A000 002AA5 (v02 LENOVO TC-O5T   000013E0 INTL 20200717)
[    0.005991] ACPI: SSDT 0x0000000075856000 00334F (v02 LENOVO TC-O5T   000013E0 INTL 20200717)
[    0.005993] ACPI: HPET 0x0000000075855000 000038 (v01 LENOVO TC-O5T   000013E0 AMI  01000013)
[    0.005994] ACPI: APIC 0x0000000075854000 0001DC (v05 LENOVO TC-O5T   000013E0 AMI  01000013)
[    0.005996] ACPI: MCFG 0x0000000075853000 00003C (v01 LENOVO TC-O5T   000013E0 AMI  01000013)
[    0.005998] ACPI: SSDT 0x0000000075851000 001F1A (v02 LENOVO TC-O5T   000013E0 INTL 20200717)
[    0.006000] ACPI: UEFI 0x0000000075984000 000048 (v01 LENOVO TC-O5T   000013E0 AMI  01000013)
[    0.006001] ACPI: NHLT 0x0000000075850000 00002D (v00 LENOVO TC-O5T   000013E0 AMI  01000013)
[    0.006003] ACPI: LPIT 0x000000007584F000 0000CC (v01 LENOVO TC-O5T   000013E0 AMI  01000013)
[    0.006005] ACPI: SSDT 0x000000007584B000 002A83 (v02 LENOVO TC-O5T   000013E0 INTL 20200717)
[    0.006007] ACPI: SSDT 0x0000000075841000 0092F4 (v02 LENOVO TC-O5T   000013E0 INTL 20200717)
[    0.006008] ACPI: DBGP 0x0000000075840000 000034 (v01 LENOVO TC-O5T   000013E0 AMI  01000013)
[    0.006010] ACPI: DBG2 0x000000007583F000 000054 (v00 LENOVO TC-O5T   000013E0 AMI  01000013)
[    0.006012] ACPI: SSDT 0x000000007583D000 00190A (v02 LENOVO TC-O5T   000013E0 INTL 20200717)
[    0.006014] ACPI: DMAR 0x000000007583C000 000050 (v01 LENOVO TC-O5T   000013E0      01000013)
[    0.006015] ACPI: FPDT 0x000000007583B000 000044 (v01 LENOVO TC-O5T   000013E0 AMI  01000013)
[    0.006017] ACPI: SSDT 0x0000000075839000 0015CA (v02 LENOVO TC-O5T   000013E0 INTL 20200717)
[    0.006019] ACPI: SSDT 0x0000000075835000 0039DA (v02 LENOVO TC-O5T   000013E0 INTL 20200717)
[    0.006021] ACPI: SSDT 0x0000000075831000 0039DA (v02 LENOVO TC-O5T   000013E0 INTL 20200717)
[    0.006022] ACPI: LUFT 0x00000000757FB000 034CC2 (v01 LENOVO TC-O5T   000013E0 AMI  00010013)
[    0.006024] ACPI: PHAT 0x00000000757FA000 000A43 (v01 LENOVO TC-O5T   000013E0 MSFT 0100000D)
[    0.006026] ACPI: TPM2 0x00000000757F9000 00004C (v04 LENOVO TC-O5T   000013E0 AMI  00000000)
[    0.006028] ACPI: WSMT 0x000000007584E000 000028 (v01 LENOVO TC-O5T   000013E0 AMI  00010013)
[    0.006030] ACPI: BGRT 0x0000000075830000 000038 (v01 LENOVO TC-O5T   000013E0 AMI  00010013)
[    0.006031] ACPI: Reserving FACP table memory at [mem 0x758f9000-0x758f9113]
[    0.006032] ACPI: Reserving DSDT table memory at [mem 0x75866000-0x758f836b]
[    0.006033] ACPI: Reserving FACS table memory at [mem 0x75a20000-0x75a2003f]
[    0.006034] ACPI: Reserving FIDT table memory at [mem 0x75865000-0x7586509b]
[    0.006034] ACPI: Reserving SSDT table memory at [mem 0x75864000-0x7586438b]
[    0.006035] ACPI: Reserving SSDT table memory at [mem 0x7585e000-0x75863d33]
[    0.006036] ACPI: Reserving MSDM table memory at [mem 0x7585d000-0x7585d054]
[    0.006036] ACPI: Reserving SSDT table memory at [mem 0x7585a000-0x7585caa4]
[    0.006037] ACPI: Reserving SSDT table memory at [mem 0x75856000-0x7585934e]
[    0.006037] ACPI: Reserving HPET table memory at [mem 0x75855000-0x75855037]
[    0.006038] ACPI: Reserving APIC table memory at [mem 0x75854000-0x758541db]
[    0.006039] ACPI: Reserving MCFG table memory at [mem 0x75853000-0x7585303b]
[    0.006039] ACPI: Reserving SSDT table memory at [mem 0x75851000-0x75852f19]
[    0.006040] ACPI: Reserving UEFI table memory at [mem 0x75984000-0x75984047]
[    0.006040] ACPI: Reserving NHLT table memory at [mem 0x75850000-0x7585002c]
[    0.006041] ACPI: Reserving LPIT table memory at [mem 0x7584f000-0x7584f0cb]
[    0.006042] ACPI: Reserving SSDT table memory at [mem 0x7584b000-0x7584da82]
[    0.006042] ACPI: Reserving SSDT table memory at [mem 0x75841000-0x7584a2f3]
[    0.006043] ACPI: Reserving DBGP table memory at [mem 0x75840000-0x75840033]
[    0.006043] ACPI: Reserving DBG2 table memory at [mem 0x7583f000-0x7583f053]
[    0.006044] ACPI: Reserving SSDT table memory at [mem 0x7583d000-0x7583e909]
[    0.006045] ACPI: Reserving DMAR table memory at [mem 0x7583c000-0x7583c04f]
[    0.006045] ACPI: Reserving FPDT table memory at [mem 0x7583b000-0x7583b043]
[    0.006046] ACPI: Reserving SSDT table memory at [mem 0x75839000-0x7583a5c9]
[    0.006046] ACPI: Reserving SSDT table memory at [mem 0x75835000-0x758389d9]
[    0.006047] ACPI: Reserving SSDT table memory at [mem 0x75831000-0x758349d9]
[    0.006048] ACPI: Reserving LUFT table memory at [mem 0x757fb000-0x7582fcc1]
[    0.006048] ACPI: Reserving PHAT table memory at [mem 0x757fa000-0x757faa42]
[    0.006049] ACPI: Reserving TPM2 table memory at [mem 0x757f9000-0x757f904b]
[    0.006049] ACPI: Reserving WSMT table memory at [mem 0x7584e000-0x7584e027]
[    0.006050] ACPI: Reserving BGRT table memory at [mem 0x75830000-0x75830037]
[    0.006244] No NUMA configuration found
[    0.006245] Faking a node at [mem 0x0000000000000000-0x000000147fffffff]
[    0.006250] NODE_DATA(0) allocated [mem 0x147ffd4cc0-0x147fffffff]
[    0.006370] crashkernel reserved: 0x000000002b000000 - 0x000000004b000000 (512 MB)
[    0.006430] Zone ranges:
[    0.006431]   DMA      [mem 0x0000000000001000-0x0000000000ffffff]
[    0.006432]   DMA32    [mem 0x0000000001000000-0x00000000ffffffff]
[    0.006433]   Normal   [mem 0x0000000100000000-0x000000147fffffff]
[    0.006434]   Device   empty
[    0.006434] Movable zone start for each node
[    0.006435] Early memory node ranges
[    0.006435]   node   0: [mem 0x0000000000001000-0x000000000009dfff]
[    0.006436]   node   0: [mem 0x000000000009f000-0x000000000009ffff]
[    0.006437]   node   0: [mem 0x0000000000100000-0x000000006e79cfff]
[    0.006437]   node   0: [mem 0x00000000767ff000-0x00000000767fffff]
[    0.006438]   node   0: [mem 0x0000000100000000-0x000000147fffffff]
[    0.006441] Initmem setup node 0 [mem 0x0000000000001000-0x000000147fffffff]
[    0.006445] On node 0, zone DMA: 1 pages in unavailable ranges
[    0.006446] On node 0, zone DMA: 1 pages in unavailable ranges
[    0.006462] On node 0, zone DMA: 96 pages in unavailable ranges
[    0.008461] On node 0, zone DMA32: 32866 pages in unavailable ranges
[    0.008672] On node 0, zone Normal: 6144 pages in unavailable ranges
[    0.009086] ACPI: PM-Timer IO Port: 0x1808
[    0.009092] ACPI: LAPIC_NMI (acpi_id[0x01] high edge lint[0x1])
[    0.009093] ACPI: LAPIC_NMI (acpi_id[0x02] high edge lint[0x1])
[    0.009093] ACPI: LAPIC_NMI (acpi_id[0x03] high edge lint[0x1])
[    0.009094] ACPI: LAPIC_NMI (acpi_id[0x04] high edge lint[0x1])
[    0.009094] ACPI: LAPIC_NMI (acpi_id[0x05] high edge lint[0x1])
[    0.009095] ACPI: LAPIC_NMI (acpi_id[0x06] high edge lint[0x1])
[    0.009095] ACPI: LAPIC_NMI (acpi_id[0x07] high edge lint[0x1])
[    0.009095] ACPI: LAPIC_NMI (acpi_id[0x08] high edge lint[0x1])
[    0.009096] ACPI: LAPIC_NMI (acpi_id[0x09] high edge lint[0x1])
[    0.009096] ACPI: LAPIC_NMI (acpi_id[0x0a] high edge lint[0x1])
[    0.009096] ACPI: LAPIC_NMI (acpi_id[0x0b] high edge lint[0x1])
[    0.009097] ACPI: LAPIC_NMI (acpi_id[0x0c] high edge lint[0x1])
[    0.009097] ACPI: LAPIC_NMI (acpi_id[0x0d] high edge lint[0x1])
[    0.009098] ACPI: LAPIC_NMI (acpi_id[0x0e] high edge lint[0x1])
[    0.009098] ACPI: LAPIC_NMI (acpi_id[0x0f] high edge lint[0x1])
[    0.009098] ACPI: LAPIC_NMI (acpi_id[0x10] high edge lint[0x1])
[    0.009099] ACPI: LAPIC_NMI (acpi_id[0x11] high edge lint[0x1])
[    0.009099] ACPI: LAPIC_NMI (acpi_id[0x12] high edge lint[0x1])
[    0.009100] ACPI: LAPIC_NMI (acpi_id[0x13] high edge lint[0x1])
[    0.009100] ACPI: LAPIC_NMI (acpi_id[0x14] high edge lint[0x1])
[    0.009100] ACPI: LAPIC_NMI (acpi_id[0x15] high edge lint[0x1])
[    0.009101] ACPI: LAPIC_NMI (acpi_id[0x16] high edge lint[0x1])
[    0.009101] ACPI: LAPIC_NMI (acpi_id[0x17] high edge lint[0x1])
[    0.009101] ACPI: LAPIC_NMI (acpi_id[0x00] high edge lint[0x1])
[    0.009138] IOAPIC[0]: apic_id 2, version 32, address 0xfec00000, GSI 0-119
[    0.009140] ACPI: INT_SRC_OVR (bus 0 bus_irq 0 global_irq 2 dfl dfl)
[    0.009141] ACPI: INT_SRC_OVR (bus 0 bus_irq 9 global_irq 9 high level)
[    0.009144] ACPI: Using ACPI (MADT) for SMP configuration information
[    0.009144] ACPI: HPET id: 0x8086a201 base: 0xfed00000
[    0.009151] e820: update [mem 0x64448000-0x6453bfff] usable ==> reserved
[    0.009159] TSC deadline timer available
[    0.009161] CPU topo: Max. logical packages:   1
[    0.009162] CPU topo: Max. logical dies:       1
[    0.009162] CPU topo: Max. dies per package:   1
[    0.009164] CPU topo: Max. threads per core:   1
[    0.009165] CPU topo: Num. cores per package:    10
[    0.009165] CPU topo: Num. threads per package:  10
[    0.009165] CPU topo: Allowing 10 present CPUs plus 0 hotplug CPUs
[    0.009178] PM: hibernation: Registered nosave memory: [mem 0x00000000-0x00000fff]
[    0.009179] PM: hibernation: Registered nosave memory: [mem 0x0009e000-0x0009efff]
[    0.009180] PM: hibernation: Registered nosave memory: [mem 0x000a0000-0x000fffff]
[    0.009181] PM: hibernation: Registered nosave memory: [mem 0x5f22c000-0x5f22cfff]
[    0.009182] PM: hibernation: Registered nosave memory: [mem 0x5f250000-0x5f250fff]
[    0.009185] PM: hibernation: Registered nosave memory: [mem 0x64448000-0x6453bfff]
[    0.009186] PM: hibernation: Registered nosave memory: [mem 0x6c063000-0x6c063fff]
[    0.009187] PM: hibernation: Registered nosave memory: [mem 0x6e79d000-0x75774fff]
[    0.009187] PM: hibernation: Registered nosave memory: [mem 0x75775000-0x758fbfff]
[    0.009187] PM: hibernation: Registered nosave memory: [mem 0x758fc000-0x75a20fff]
[    0.009188] PM: hibernation: Registered nosave memory: [mem 0x75a21000-0x767fefff]
[    0.009189] PM: hibernation: Registered nosave memory: [mem 0x76800000-0x7cffffff]
[    0.009189] PM: hibernation: Registered nosave memory: [mem 0x7d000000-0x7dbfffff]
[    0.009189] PM: hibernation: Registered nosave memory: [mem 0x7dc00000-0x7fffffff]
[    0.009190] PM: hibernation: Registered nosave memory: [mem 0x80000000-0xfdffffff]
[    0.009190] PM: hibernation: Registered nosave memory: [mem 0xfe000000-0xfe010fff]
[    0.009190] PM: hibernation: Registered nosave memory: [mem 0xfe011000-0xfebfffff]
[    0.009191] PM: hibernation: Registered nosave memory: [mem 0xfec00000-0xfec00fff]
[    0.009191] PM: hibernation: Registered nosave memory: [mem 0xfec01000-0xfecfffff]
[    0.009191] PM: hibernation: Registered nosave memory: [mem 0xfed00000-0xfed00fff]
[    0.009192] PM: hibernation: Registered nosave memory: [mem 0xfed01000-0xfed1ffff]
[    0.009192] PM: hibernation: Registered nosave memory: [mem 0xfed20000-0xfed7ffff]
[    0.009192] PM: hibernation: Registered nosave memory: [mem 0xfed80000-0xfedfffff]
[    0.009193] PM: hibernation: Registered nosave memory: [mem 0xfee00000-0xfee00fff]
[    0.009193] PM: hibernation: Registered nosave memory: [mem 0xfee01000-0xffffffff]
[    0.009194] [mem 0x80000000-0xfdffffff] available for PCI devices
[    0.009195] Booting paravirtualized kernel on bare hardware
[    0.009197] clocksource: refined-jiffies: mask: 0xffffffff max_cycles: 0xffffffff, max_idle_ns: 1910969940391419 ns
[    0.013564] setup_percpu: NR_CPUS:8192 nr_cpumask_bits:10 nr_cpu_ids:10 nr_node_ids:1
[    0.014120] percpu: Embedded 62 pages/cpu s217088 r8192 d28672 u524288
[    0.014124] pcpu-alloc: s217088 r8192 d28672 u524288 alloc=1*2097152
[    0.014126] pcpu-alloc: [0] 00 01 02 03 [0] 04 05 06 07 
[    0.014128] pcpu-alloc: [0] 08 09 -- -- 
[    0.014139] Kernel command line: BOOT_IMAGE=(hd3,gpt1)/vmlinuz-6.12.0-124.40.1.el10_1.x86_64 root=/dev/mapper/What--The--Rheliii-RHIZOME ro boot=UUID=b3e6ae76-a2b9-4607-a7b7-bf0cab3e8c79 resume=UUID=8829afeb-743a-4ced-a97d-ac2bb248e19e rd.lvm.lv=What-The-Rheliii/RHIZOME rd.luks.uuid=luks-359cd55d-5003-4eb3-8c4c-418c142b1e03 rd.lvm.lv=What-The-Rheliii/EL1SH4-SP1R1T fips=1 spec_store_bypass_disable=on intel_iommu=on iommu=pt rd.driver.pre=nouveau video=efifb:mode=1920x1080 rd.driver.blacklist=nouveau modprobe.blacklist=nouveau nouveau.modeset=0 crashkernel=2G-64G:256M,64G-:512M
[    0.014197] fips mode: enabled
[    0.014213] DMAR: IOMMU enabled
[    0.014260] Unknown kernel command line parameters "BOOT_IMAGE=(hd3,gpt1)/vmlinuz-6.12.0-124.40.1.el10_1.x86_64 boot=UUID=b3e6ae76-a2b9-4607-a7b7-bf0cab3e8c79 spec_store_bypass_disable=on", will be passed to user space.
[    0.018795] Dentry cache hash table entries: 8388608 (order: 14, 67108864 bytes, linear)
[    0.021033] Inode-cache hash table entries: 4194304 (order: 13, 33554432 bytes, linear)
[    0.021109] Fallback order for Node 0: 0 
[    0.021111] Built 1 zonelists, mobility grouping on.  Total pages: 20899644
[    0.021112] Policy zone: Normal
[    0.021290] mem auto-init: stack:all(zero), heap alloc:off, heap free:off
[    0.021296] software IO TLB: area num 16.
[    0.039958] SLUB: HWalign=64, Order=0-3, MinObjects=0, CPUs=10, Nodes=1
[    0.039981] ftrace: allocating 53248 entries in 208 pages
[    0.045513] ftrace: allocated 208 pages with 3 groups
[    0.046021] Dynamic Preempt: voluntary
[    0.046054] rcu: Preemptible hierarchical RCU implementation.
[    0.046055] rcu:     RCU event tracing is enabled.
[    0.046055] rcu:     RCU restricting CPUs from NR_CPUS=8192 to nr_cpu_ids=10.
[    0.046057]  Trampoline variant of Tasks RCU enabled.
[    0.046057]  Rude variant of Tasks RCU enabled.
[    0.046057]  Tracing variant of Tasks RCU enabled.
[    0.046058] rcu: RCU calculated value of scheduler-enlistment delay is 100 jiffies.
[    0.046059] rcu: Adjusting geometry for rcu_fanout_leaf=16, nr_cpu_ids=10
[    0.046065] RCU Tasks: Setting shift to 4 and lim to 1 rcu_task_cb_adjust=1 rcu_task_cpu_ids=10.
[    0.046067] RCU Tasks Rude: Setting shift to 4 and lim to 1 rcu_task_cb_adjust=1 rcu_task_cpu_ids=10.
[    0.046068] RCU Tasks Trace: Setting shift to 4 and lim to 1 rcu_task_cb_adjust=1 rcu_task_cpu_ids=10.
[    0.049156] NR_IRQS: 524544, nr_irqs: 2136, preallocated irqs: 16
[    0.049445] rcu: srcu_init: Setting srcu_struct sizes based on contention.
[    0.049697] kfence: initialized - using 2097152 bytes for 255 objects at 0x(____ptrval____)-0x(____ptrval____)
[    0.049720] Console: colour dummy device 80x25
[    0.049723] printk: legacy console [tty0] enabled
[    0.049948] ACPI: Core revision 20240827
[    0.050347] clocksource: hpet: mask: 0xffffffff max_cycles: 0xffffffff, max_idle_ns: 99544814920 ns
[    0.050445] APIC: Switch to symmetric I/O mode setup
[    0.050448] DMAR: Host address width 39
[    0.050449] DMAR: DRHD base: 0x000000fed91000 flags: 0x1
[    0.050454] DMAR: dmar0: reg_base_addr fed91000 ver 5:0 cap d2008c40660462 ecap f050da
[    0.050458] DMAR-IR: IOAPIC id 2 under DRHD base  0xfed91000 IOMMU 0
[    0.050460] DMAR-IR: HPET id 0 under DRHD base 0xfed91000
[    0.050461] DMAR-IR: Queued invalidation will be enabled to support x2apic and Intr-remapping.
[    0.051928] DMAR-IR: Enabled IRQ remapping in x2apic mode
[    0.051931] x2apic enabled
[    0.051973] APIC: Switched APIC routing to: cluster x2apic
[    0.056534] ..TIMER: vector=0x30 apic1=0 pin1=2 apic2=-1 pin2=-1
[    0.061406] clocksource: tsc-early: mask: 0xffffffffffffffff max_cycles: 0x23fa772cf26, max_idle_ns: 440795269835 ns
[    0.061411] Calibrating delay loop (skipped), value calculated using timer frequency.. 4992.00 BogoMIPS (lpj=2496000)
[    0.061456] CPU0: Thermal monitoring enabled (TM1)
[    0.061459] x86/cpu: User Mode Instruction Prevention (UMIP) activated
[    0.061562] CET detected: Indirect Branch Tracking enabled
[    0.061564] Last level iTLB entries: 4KB 0, 2MB 0, 4MB 0
[    0.061566] Last level dTLB entries: 4KB 0, 2MB 0, 4MB 0, 1GB 0
[    0.061571] process: using mwait in idle threads
[    0.061577] Speculative Store Bypass: Mitigation: Speculative Store Bypass disabled
[    0.061579] Spectre V2 : Mitigation: Enhanced / Automatic IBRS
[    0.061580] Register File Data Sampling: Mitigation: Clear Register File
[    0.061581] VMSCAPE: Mitigation: IBPB before exit to userspace
[    0.061583] Spectre V1 : Mitigation: usercopy/swapgs barriers and __user pointer sanitization
[    0.061585] Spectre V2 : Spectre v2 / PBRSB-eIBRS: Retire a single CALL on VMEXIT
[    0.061586] Spectre V2 : mitigation: Enabling conditional Indirect Branch Prediction Barrier
[    0.061595] x86/fpu: Supporting XSAVE feature 0x001: 'x87 floating point registers'
[    0.061597] x86/fpu: Supporting XSAVE feature 0x002: 'SSE registers'
[    0.061599] x86/fpu: Supporting XSAVE feature 0x004: 'AVX registers'
[    0.061600] x86/fpu: Supporting XSAVE feature 0x200: 'Protection Keys User registers'
[    0.061602] x86/fpu: Supporting XSAVE feature 0x800: 'Control-flow User registers'
[    0.061604] x86/fpu: xstate_offset[2]:  576, xstate_sizes[2]:  256
[    0.061606] x86/fpu: xstate_offset[9]:  832, xstate_sizes[9]:    8
[    0.061607] x86/fpu: xstate_offset[11]:  840, xstate_sizes[11]:   16
[    0.061609] x86/fpu: Enabled xstate features 0xa07, context size is 856 bytes, using 'compacted' format.
[    0.073183] Freeing SMP alternatives memory: 40K
[    0.073189] pid_max: default: 32768 minimum: 301
[    0.075451] LSM: initializing lsm=lockdown,capability,yama,selinux,bpf,landlock,ima,evm
[    0.075474] Yama: becoming mindful.
[    0.075479] SELinux:  Initializing.
[    0.075648] LSM support for eBPF active
[    0.075657] landlock: Up and running.
[    0.075763] Mount-cache hash table entries: 131072 (order: 8, 1048576 bytes, linear)
[    0.075841] Mountpoint-cache hash table entries: 131072 (order: 8, 1048576 bytes, linear)
[    0.076217] smpboot: CPU0: 13th Gen Intel(R) Core(TM) i5-13400F (family: 0x6, model: 0xbf, stepping: 0x2)
[    0.077528] Performance Events: XSAVE Architectural LBR, PEBS fmt4+-baseline,  AnyThread deprecated, Alderlake Hybrid events, 32-deep LBR, full-width counters, Intel PMU driver.
[    0.077820] core: cpu_core PMU driver: 
[    0.077821] ... version:                5
[    0.077822] ... bit width:              48
[    0.077823] ... generic registers:      8
[    0.077824] ... value mask:             0000ffffffffffff
[    0.077826] ... max period:             00007fffffffffff
[    0.077827] ... fixed-purpose events:   4
[    0.077828] ... event mask:             0001000f000000ff
[    0.077846] signal: max sigframe size: 3632
[    0.077857] Estimated ratio of average max frequency by base frequency (times 1024): 1843
[    0.077919] rcu: Hierarchical SRCU implementation.
[    0.077920] rcu:     Max phase no-delay instances is 400.
[    0.077944] Timer migration: 2 hierarchy levels; 8 children per group; 2 crossnode level
[    0.078368] NMI watchdog: Enabled. Permanently consumes one hw-PMU counter.
[    0.079427] smp: Bringing up secondary CPUs ...
[    0.079628] smpboot: x86: Booting SMP configuration:
[    0.079634] .... node  #0, CPUs:        #1  #2  #3  #4  #5  #6  #7  #8  #9
[    0.005786] core: cpu_atom PMU driver: 
[    0.005786] ... version:                5
[    0.005786] ... bit width:              48
[    0.005786] ... generic registers:      6
[    0.005786] ... value mask:             0000ffffffffffff
[    0.005786] ... max period:             00007fffffffffff
[    0.005786] ... fixed-purpose events:   3
[    0.005786] ... event mask:             000000070000003f
[    0.088448] smp: Brought up 1 node, 10 CPUs
[    0.088448] smpboot: Total of 10 processors activated (49920.00 BogoMIPS)
[    0.139427] node 0 deferred pages initialised in 50ms
[    0.139448] Memory: 81435140K/83598576K available (18432K kernel code, 5805K rwdata, 14280K rodata, 4348K init, 6684K bss, 2150180K reserved, 0K cma-reserved)
[    0.141585] devtmpfs: initialized
[    0.141585] x86/mm: Memory block size: 2048MB
[    0.141854] ACPI: PM: Registering ACPI NVS region [mem 0x758fc000-0x75a20fff] (1200128 bytes)
[    0.141854] clocksource: jiffies: mask: 0xffffffff max_cycles: 0xffffffff, max_idle_ns: 1911260446275000 ns
[    0.141854] futex hash table entries: 4096 (order: 6, 262144 bytes, linear)
[    0.141854] pinctrl core: initialized pinctrl subsystem
[    0.142616] NET: Registered PF_NETLINK/PF_ROUTE protocol family
[    0.142738] DMA: preallocated 4096 KiB GFP_KERNEL pool for atomic allocations
[    0.142742] DMA: preallocated 4096 KiB GFP_KERNEL|GFP_DMA pool for atomic allocations
[    0.142745] DMA: preallocated 4096 KiB GFP_KERNEL|GFP_DMA32 pool for atomic allocations
[    0.142754] audit: initializing netlink subsys (disabled)
[    0.142758] audit: type=2000 audit(1772734756.088:1): state=initialized audit_enabled=0 res=1
[    0.142758] thermal_sys: Registered thermal governor 'fair_share'
[    0.142758] thermal_sys: Registered thermal governor 'step_wise'
[    0.142758] thermal_sys: Registered thermal governor 'user_space'
[    0.142758] cpuidle: using governor menu
[    0.142758] acpiphp: ACPI Hot Plug PCI Controller Driver version: 0.5
[    0.142758] PCI: ECAM [mem 0xc0000000-0xcfffffff] (base 0xc0000000) for domain 0000 [bus 00-ff]
[    0.142758] PCI: Using configuration type 1 for base access
[    0.142758] kprobes: kprobe jump-optimization is enabled. All kprobes are optimized if possible.
[    0.142758] HugeTLB: registered 1.00 GiB page size, pre-allocated 0 pages
[    0.142758] HugeTLB: 16380 KiB vmemmap can be freed for a 1.00 GiB page
[    0.142758] HugeTLB: registered 2.00 MiB page size, pre-allocated 0 pages
[    0.142758] HugeTLB: 28 KiB vmemmap can be freed for a 2.00 MiB page
[    0.143416] cryptd: max_cpu_qlen set to 1000
[    0.143452] ACPI: Added _OSI(Module Device)
[    0.143452] ACPI: Added _OSI(Processor Device)
[    0.143453] ACPI: Added _OSI(3.0 _SCP Extensions)
[    0.143454] ACPI: Added _OSI(Processor Aggregator Device)
[    0.204768] ACPI BIOS Error (bug): Failure creating named object [\GPLD], AE_ALREADY_EXISTS (20240827/dswload2-326)
[    0.204774] ACPI Error: AE_ALREADY_EXISTS, During name lookup/catalog (20240827/psobject-220)
[    0.204777] ACPI: Skipping parse of AML opcode: OpcodeName unavailable (0x0014)
[    0.204787] ACPI BIOS Error (bug): Failure creating named object [\GUPC], AE_ALREADY_EXISTS (20240827/dswload2-326)
[    0.204790] ACPI Error: AE_ALREADY_EXISTS, During name lookup/catalog (20240827/psobject-220)
[    0.204792] ACPI: Skipping parse of AML opcode: OpcodeName unavailable (0x0014)
[    0.204810] ACPI BIOS Error (bug): Failure creating named object [\_SB.PC00.XHCI.RHUB.HS01._UPC], AE_ALREADY_EXISTS (20240827/dswload2-326)
[    0.204813] ACPI Error: AE_ALREADY_EXISTS, During name lookup/catalog (20240827/psobject-220)
[    0.204816] ACPI: Skipping parse of AML opcode: OpcodeName unavailable (0x0014)
[    0.204817] ACPI BIOS Error (bug): Failure creating named object [\_SB.PC00.XHCI.RHUB.HS01._PLD], AE_ALREADY_EXISTS (20240827/dswload2-326)
[    0.204820] ACPI Error: AE_ALREADY_EXISTS, During name lookup/catalog (20240827/psobject-220)
[    0.204822] ACPI: Skipping parse of AML opcode: OpcodeName unavailable (0x0014)
[    0.204844] ACPI BIOS Error (bug): Failure creating named object [\_SB.PC00.XHCI.RHUB.HS02._UPC], AE_ALREADY_EXISTS (20240827/dswload2-326)
[    0.204847] ACPI Error: AE_ALREADY_EXISTS, During name lookup/catalog (20240827/psobject-220)
[    0.204849] ACPI: Skipping parse of AML opcode: OpcodeName unavailable (0x0014)
[    0.204851] ACPI BIOS Error (bug): Failure creating named object [\_SB.PC00.XHCI.RHUB.HS02._PLD], AE_ALREADY_EXISTS (20240827/dswload2-326)
[    0.204854] ACPI Error: AE_ALREADY_EXISTS, During name lookup/catalog (20240827/psobject-220)
[    0.204856] ACPI: Skipping parse of AML opcode: OpcodeName unavailable (0x0014)
[    0.204877] ACPI BIOS Error (bug): Failure creating named object [\_SB.PC00.XHCI.RHUB.HS03._UPC], AE_ALREADY_EXISTS (20240827/dswload2-326)
[    0.204880] ACPI Error: AE_ALREADY_EXISTS, During name lookup/catalog (20240827/psobject-220)
[    0.204882] ACPI: Skipping parse of AML opcode: OpcodeName unavailable (0x0014)
[    0.204884] ACPI BIOS Error (bug): Failure creating named object [\_SB.PC00.XHCI.RHUB.HS03._PLD], AE_ALREADY_EXISTS (20240827/dswload2-326)
[    0.204886] ACPI Error: AE_ALREADY_EXISTS, During name lookup/catalog (20240827/psobject-220)
[    0.204888] ACPI: Skipping parse of AML opcode: OpcodeName unavailable (0x0014)
[    0.204909] ACPI BIOS Error (bug): Failure creating named object [\_SB.PC00.XHCI.RHUB.HS04._UPC], AE_ALREADY_EXISTS (20240827/dswload2-326)
[    0.204912] ACPI Error: AE_ALREADY_EXISTS, During name lookup/catalog (20240827/psobject-220)
[    0.204914] ACPI: Skipping parse of AML opcode: OpcodeName unavailable (0x0014)
[    0.204916] ACPI BIOS Error (bug): Failure creating named object [\_SB.PC00.XHCI.RHUB.HS04._PLD], AE_ALREADY_EXISTS (20240827/dswload2-326)
[    0.204919] ACPI Error: AE_ALREADY_EXISTS, During name lookup/catalog (20240827/psobject-220)
[    0.204921] ACPI: Skipping parse of AML opcode: OpcodeName unavailable (0x0014)
[    0.204942] ACPI BIOS Error (bug): Failure creating named object [\_SB.PC00.XHCI.RHUB.HS05._UPC], AE_ALREADY_EXISTS (20240827/dswload2-326)
[    0.204945] ACPI Error: AE_ALREADY_EXISTS, During name lookup/catalog (20240827/psobject-220)
[    0.204947] ACPI: Skipping parse of AML opcode: OpcodeName unavailable (0x0014)
[    0.204949] ACPI BIOS Error (bug): Failure creating named object [\_SB.PC00.XHCI.RHUB.HS05._PLD], AE_ALREADY_EXISTS (20240827/dswload2-326)
[    0.204952] ACPI Error: AE_ALREADY_EXISTS, During name lookup/catalog (20240827/psobject-220)
[    0.204954] ACPI: Skipping parse of AML opcode: OpcodeName unavailable (0x0014)
[    0.204975] ACPI BIOS Error (bug): Failure creating named object [\_SB.PC00.XHCI.RHUB.HS06._UPC], AE_ALREADY_EXISTS (20240827/dswload2-326)
[    0.204978] ACPI Error: AE_ALREADY_EXISTS, During name lookup/catalog (20240827/psobject-220)
[    0.204980] ACPI: Skipping parse of AML opcode: OpcodeName unavailable (0x0014)
[    0.204981] ACPI BIOS Error (bug): Failure creating named object [\_SB.PC00.XHCI.RHUB.HS06._PLD], AE_ALREADY_EXISTS (20240827/dswload2-326)
[    0.204984] ACPI Error: AE_ALREADY_EXISTS, During name lookup/catalog (20240827/psobject-220)
[    0.204986] ACPI: Skipping parse of AML opcode: OpcodeName unavailable (0x0014)
[    0.205007] ACPI BIOS Error (bug): Failure creating named object [\_SB.PC00.XHCI.RHUB.HS07._UPC], AE_ALREADY_EXISTS (20240827/dswload2-326)
[    0.205010] ACPI Error: AE_ALREADY_EXISTS, During name lookup/catalog (20240827/psobject-220)
[    0.205012] ACPI: Skipping parse of AML opcode: OpcodeName unavailable (0x0014)
[    0.205014] ACPI BIOS Error (bug): Failure creating named object [\_SB.PC00.XHCI.RHUB.HS07._PLD], AE_ALREADY_EXISTS (20240827/dswload2-326)
[    0.205017] ACPI Error: AE_ALREADY_EXISTS, During name lookup/catalog (20240827/psobject-220)
[    0.205019] ACPI: Skipping parse of AML opcode: OpcodeName unavailable (0x0014)
[    0.205040] ACPI BIOS Error (bug): Failure creating named object [\_SB.PC00.XHCI.RHUB.HS08._UPC], AE_ALREADY_EXISTS (20240827/dswload2-326)
[    0.205043] ACPI Error: AE_ALREADY_EXISTS, During name lookup/catalog (20240827/psobject-220)
[    0.205045] ACPI: Skipping parse of AML opcode: OpcodeName unavailable (0x0014)
[    0.205047] ACPI BIOS Error (bug): Failure creating named object [\_SB.PC00.XHCI.RHUB.HS08._PLD], AE_ALREADY_EXISTS (20240827/dswload2-326)
[    0.205050] ACPI Error: AE_ALREADY_EXISTS, During name lookup/catalog (20240827/psobject-220)
[    0.205051] ACPI: Skipping parse of AML opcode: OpcodeName unavailable (0x0014)
[    0.205073] ACPI BIOS Error (bug): Failure creating named object [\_SB.PC00.XHCI.RHUB.HS09._UPC], AE_ALREADY_EXISTS (20240827/dswload2-326)
[    0.205075] ACPI Error: AE_ALREADY_EXISTS, During name lookup/catalog (20240827/psobject-220)
[    0.205077] ACPI: Skipping parse of AML opcode: OpcodeName unavailable (0x0014)
[    0.205079] ACPI BIOS Error (bug): Failure creating named object [\_SB.PC00.XHCI.RHUB.HS09._PLD], AE_ALREADY_EXISTS (20240827/dswload2-326)
[    0.205082] ACPI Error: AE_ALREADY_EXISTS, During name lookup/catalog (20240827/psobject-220)
[    0.205084] ACPI: Skipping parse of AML opcode: OpcodeName unavailable (0x0014)
[    0.205105] ACPI BIOS Error (bug): Failure creating named object [\_SB.PC00.XHCI.RHUB.HS10._UPC], AE_ALREADY_EXISTS (20240827/dswload2-326)
[    0.205108] ACPI Error: AE_ALREADY_EXISTS, During name lookup/catalog (20240827/psobject-220)
[    0.205110] ACPI: Skipping parse of AML opcode: OpcodeName unavailable (0x0014)
[    0.205112] ACPI BIOS Error (bug): Failure creating named object [\_SB.PC00.XHCI.RHUB.HS10._PLD], AE_ALREADY_EXISTS (20240827/dswload2-326)
[    0.205115] ACPI Error: AE_ALREADY_EXISTS, During name lookup/catalog (20240827/psobject-220)
[    0.205117] ACPI: Skipping parse of AML opcode: OpcodeName unavailable (0x0014)
[    0.205138] ACPI BIOS Error (bug): Failure creating named object [\_SB.PC00.XHCI.RHUB.HS11._UPC], AE_ALREADY_EXISTS (20240827/dswload2-326)
[    0.205141] ACPI Error: AE_ALREADY_EXISTS, During name lookup/catalog (20240827/psobject-220)
[    0.205143] ACPI: Skipping parse of AML opcode: OpcodeName unavailable (0x0014)
[    0.205144] ACPI BIOS Error (bug): Failure creating named object [\_SB.PC00.XHCI.RHUB.HS11._PLD], AE_ALREADY_EXISTS (20240827/dswload2-326)
[    0.205147] ACPI Error: AE_ALREADY_EXISTS, During name lookup/catalog (20240827/psobject-220)
[    0.205149] ACPI: Skipping parse of AML opcode: OpcodeName unavailable (0x0014)
[    0.205171] ACPI BIOS Error (bug): Failure creating named object [\_SB.PC00.XHCI.RHUB.HS12._UPC], AE_ALREADY_EXISTS (20240827/dswload2-326)
[    0.205174] ACPI Error: AE_ALREADY_EXISTS, During name lookup/catalog (20240827/psobject-220)
[    0.205176] ACPI: Skipping parse of AML opcode: OpcodeName unavailable (0x0014)
[    0.205178] ACPI BIOS Error (bug): Failure creating named object [\_SB.PC00.XHCI.RHUB.HS12._PLD], AE_ALREADY_EXISTS (20240827/dswload2-326)
[    0.205181] ACPI Error: AE_ALREADY_EXISTS, During name lookup/catalog (20240827/psobject-220)
[    0.205183] ACPI: Skipping parse of AML opcode: OpcodeName unavailable (0x0014)
[    0.205204] ACPI BIOS Error (bug): Failure creating named object [\_SB.PC00.XHCI.RHUB.HS13._UPC], AE_ALREADY_EXISTS (20240827/dswload2-326)
[    0.205207] ACPI Error: AE_ALREADY_EXISTS, During name lookup/catalog (20240827/psobject-220)
[    0.205209] ACPI: Skipping parse of AML opcode: OpcodeName unavailable (0x0014)
[    0.205210] ACPI BIOS Error (bug): Failure creating named object [\_SB.PC00.XHCI.RHUB.HS13._PLD], AE_ALREADY_EXISTS (20240827/dswload2-326)
[    0.205213] ACPI Error: AE_ALREADY_EXISTS, During name lookup/catalog (20240827/psobject-220)
[    0.205215] ACPI: Skipping parse of AML opcode: OpcodeName unavailable (0x0014)
[    0.205236] ACPI BIOS Error (bug): Failure creating named object [\_SB.PC00.XHCI.RHUB.HS14._UPC], AE_ALREADY_EXISTS (20240827/dswload2-326)
[    0.205239] ACPI Error: AE_ALREADY_EXISTS, During name lookup/catalog (20240827/psobject-220)
[    0.205241] ACPI: Skipping parse of AML opcode: OpcodeName unavailable (0x0014)
[    0.205243] ACPI BIOS Error (bug): Failure creating named object [\_SB.PC00.XHCI.RHUB.HS14._PLD], AE_ALREADY_EXISTS (20240827/dswload2-326)
[    0.205246] ACPI Error: AE_ALREADY_EXISTS, During name lookup/catalog (20240827/psobject-220)
[    0.205248] ACPI: Skipping parse of AML opcode: OpcodeName unavailable (0x0014)
[    0.205296] ACPI BIOS Error (bug): Failure creating named object [\_SB.PC00.XHCI.RHUB.SS01._UPC], AE_ALREADY_EXISTS (20240827/dswload2-326)
[    0.205299] ACPI Error: AE_ALREADY_EXISTS, During name lookup/catalog (20240827/psobject-220)
[    0.205301] ACPI: Skipping parse of AML opcode: OpcodeName unavailable (0x0014)
[    0.205303] ACPI BIOS Error (bug): Failure creating named object [\_SB.PC00.XHCI.RHUB.SS01._PLD], AE_ALREADY_EXISTS (20240827/dswload2-326)
[    0.205305] ACPI Error: AE_ALREADY_EXISTS, During name lookup/catalog (20240827/psobject-220)
[    0.205307] ACPI: Skipping parse of AML opcode: OpcodeName unavailable (0x0014)
[    0.205329] ACPI BIOS Error (bug): Failure creating named object [\_SB.PC00.XHCI.RHUB.SS02._UPC], AE_ALREADY_EXISTS (20240827/dswload2-326)
[    0.205332] ACPI Error: AE_ALREADY_EXISTS, During name lookup/catalog (20240827/psobject-220)
[    0.205334] ACPI: Skipping parse of AML opcode: OpcodeName unavailable (0x0014)
[    0.205336] ACPI BIOS Error (bug): Failure creating named object [\_SB.PC00.XHCI.RHUB.SS02._PLD], AE_ALREADY_EXISTS (20240827/dswload2-326)
[    0.205338] ACPI Error: AE_ALREADY_EXISTS, During name lookup/catalog (20240827/psobject-220)
[    0.205340] ACPI: Skipping parse of AML opcode: OpcodeName unavailable (0x0014)
[    0.205362] ACPI BIOS Error (bug): Failure creating named object [\_SB.PC00.XHCI.RHUB.SS03._UPC], AE_ALREADY_EXISTS (20240827/dswload2-326)
[    0.205364] ACPI Error: AE_ALREADY_EXISTS, During name lookup/catalog (20240827/psobject-220)
[    0.205366] ACPI: Skipping parse of AML opcode: OpcodeName unavailable (0x0014)
[    0.205368] ACPI BIOS Error (bug): Failure creating named object [\_SB.PC00.XHCI.RHUB.SS03._PLD], AE_ALREADY_EXISTS (20240827/dswload2-326)
[    0.205371] ACPI Error: AE_ALREADY_EXISTS, During name lookup/catalog (20240827/psobject-220)
[    0.205373] ACPI: Skipping parse of AML opcode: OpcodeName unavailable (0x0014)
[    0.205394] ACPI BIOS Error (bug): Failure creating named object [\_SB.PC00.XHCI.RHUB.SS04._UPC], AE_ALREADY_EXISTS (20240827/dswload2-326)
[    0.205397] ACPI Error: AE_ALREADY_EXISTS, During name lookup/catalog (20240827/psobject-220)
[    0.205399] ACPI: Skipping parse of AML opcode: OpcodeName unavailable (0x0014)
[    0.205401] ACPI BIOS Error (bug): Failure creating named object [\_SB.PC00.XHCI.RHUB.SS04._PLD], AE_ALREADY_EXISTS (20240827/dswload2-326)
[    0.205404] ACPI Error: AE_ALREADY_EXISTS, During name lookup/catalog (20240827/psobject-220)
[    0.205406] ACPI: Skipping parse of AML opcode: OpcodeName unavailable (0x0014)
[    0.205427] ACPI BIOS Error (bug): Failure creating named object [\_SB.PC00.XHCI.RHUB.SS05._UPC], AE_ALREADY_EXISTS (20240827/dswload2-326)
[    0.205430] ACPI Error: AE_ALREADY_EXISTS, During name lookup/catalog (20240827/psobject-220)
[    0.205432] ACPI: Skipping parse of AML opcode: OpcodeName unavailable (0x0014)
[    0.205434] ACPI BIOS Error (bug): Failure creating named object [\_SB.PC00.XHCI.RHUB.SS05._PLD], AE_ALREADY_EXISTS (20240827/dswload2-326)
[    0.205437] ACPI Error: AE_ALREADY_EXISTS, During name lookup/catalog (20240827/psobject-220)
[    0.205439] ACPI: Skipping parse of AML opcode: OpcodeName unavailable (0x0014)
[    0.205460] ACPI BIOS Error (bug): Failure creating named object [\_SB.PC00.XHCI.RHUB.SS06._UPC], AE_ALREADY_EXISTS (20240827/dswload2-326)
[    0.205463] ACPI Error: AE_ALREADY_EXISTS, During name lookup/catalog (20240827/psobject-220)
[    0.205465] ACPI: Skipping parse of AML opcode: OpcodeName unavailable (0x0014)
[    0.205467] ACPI BIOS Error (bug): Failure creating named object [\_SB.PC00.XHCI.RHUB.SS06._PLD], AE_ALREADY_EXISTS (20240827/dswload2-326)
[    0.205470] ACPI Error: AE_ALREADY_EXISTS, During name lookup/catalog (20240827/psobject-220)
[    0.205472] ACPI: Skipping parse of AML opcode: OpcodeName unavailable (0x0014)
[    0.205493] ACPI BIOS Error (bug): Failure creating named object [\_SB.PC00.XHCI.RHUB.SS07._UPC], AE_ALREADY_EXISTS (20240827/dswload2-326)
[    0.205496] ACPI Error: AE_ALREADY_EXISTS, During name lookup/catalog (20240827/psobject-220)
[    0.205498] ACPI: Skipping parse of AML opcode: OpcodeName unavailable (0x0014)
[    0.205499] ACPI BIOS Error (bug): Failure creating named object [\_SB.PC00.XHCI.RHUB.SS07._PLD], AE_ALREADY_EXISTS (20240827/dswload2-326)
[    0.205502] ACPI Error: AE_ALREADY_EXISTS, During name lookup/catalog (20240827/psobject-220)
[    0.205504] ACPI: Skipping parse of AML opcode: OpcodeName unavailable (0x0014)
[    0.205525] ACPI BIOS Error (bug): Failure creating named object [\_SB.PC00.XHCI.RHUB.SS08._UPC], AE_ALREADY_EXISTS (20240827/dswload2-326)
[    0.205528] ACPI Error: AE_ALREADY_EXISTS, During name lookup/catalog (20240827/psobject-220)
[    0.205530] ACPI: Skipping parse of AML opcode: OpcodeName unavailable (0x0014)
[    0.205532] ACPI BIOS Error (bug): Failure creating named object [\_SB.PC00.XHCI.RHUB.SS08._PLD], AE_ALREADY_EXISTS (20240827/dswload2-326)
[    0.205535] ACPI Error: AE_ALREADY_EXISTS, During name lookup/catalog (20240827/psobject-220)
[    0.205537] ACPI: Skipping parse of AML opcode: OpcodeName unavailable (0x0014)
[    0.205558] ACPI BIOS Error (bug): Failure creating named object [\_SB.PC00.XHCI.RHUB.SS09._UPC], AE_ALREADY_EXISTS (20240827/dswload2-326)
[    0.205561] ACPI Error: AE_ALREADY_EXISTS, During name lookup/catalog (20240827/psobject-220)
[    0.205563] ACPI: Skipping parse of AML opcode: OpcodeName unavailable (0x0014)
[    0.205565] ACPI BIOS Error (bug): Failure creating named object [\_SB.PC00.XHCI.RHUB.SS09._PLD], AE_ALREADY_EXISTS (20240827/dswload2-326)
[    0.205567] ACPI Error: AE_ALREADY_EXISTS, During name lookup/catalog (20240827/psobject-220)
[    0.205569] ACPI: Skipping parse of AML opcode: OpcodeName unavailable (0x0014)
[    0.205591] ACPI BIOS Error (bug): Failure creating named object [\_SB.PC00.XHCI.RHUB.SS10._UPC], AE_ALREADY_EXISTS (20240827/dswload2-326)
[    0.205593] ACPI Error: AE_ALREADY_EXISTS, During name lookup/catalog (20240827/psobject-220)
[    0.205595] ACPI: Skipping parse of AML opcode: OpcodeName unavailable (0x0014)
[    0.205597] ACPI BIOS Error (bug): Failure creating named object [\_SB.PC00.XHCI.RHUB.SS10._PLD], AE_ALREADY_EXISTS (20240827/dswload2-326)
[    0.205600] ACPI Error: AE_ALREADY_EXISTS, During name lookup/catalog (20240827/psobject-220)
[    0.205602] ACPI: Skipping parse of AML opcode: OpcodeName unavailable (0x0014)
[    0.206192] ACPI: 12 ACPI AML tables successfully acquired and loaded
[    0.214171] ACPI: Dynamic OEM Table Load:
[    0.214177] ACPI: SSDT 0xFFFF8BE4C196CC00 000394 (v02 PmRef  Cpu0Cst  00003001 INTL 20200717)
[    0.214855] ACPI: Dynamic OEM Table Load:
[    0.214860] ACPI: SSDT 0xFFFF8BE4C1973800 000560 (v02 PmRef  Cpu0Ist  00003000 INTL 20200717)
[    0.215518] ACPI: Dynamic OEM Table Load:
[    0.215522] ACPI: SSDT 0xFFFF8BE4C1938400 0001AB (v02 PmRef  Cpu0Psd  00003000 INTL 20200717)
[    0.216127] ACPI: Dynamic OEM Table Load:
[    0.216131] ACPI: SSDT 0xFFFF8BE4C1972800 0004B5 (v02 PmRef  Cpu0Hwp  00003000 INTL 20200717)
[    0.216901] ACPI: Dynamic OEM Table Load:
[    0.216907] ACPI: SSDT 0xFFFF8BE4C0F64000 001BAF (v02 PmRef  ApIst    00003000 INTL 20200717)
[    0.217836] ACPI: Dynamic OEM Table Load:
[    0.217841] ACPI: SSDT 0xFFFF8BE4C0F66000 001038 (v02 PmRef  ApHwp    00003000 INTL 20200717)
[    0.218679] ACPI: Dynamic OEM Table Load:
[    0.218684] ACPI: SSDT 0xFFFF8BE4C0F62000 001349 (v02 PmRef  ApPsd    00003000 INTL 20200717)
[    0.219547] ACPI: Dynamic OEM Table Load:
[    0.219551] ACPI: SSDT 0xFFFF8BE4C1962000 000FBB (v02 PmRef  ApCst    00003000 INTL 20200717)
[    0.222996] ACPI: Interpreter enabled
[    0.223036] ACPI: PM: (supports S0 S3 S4 S5)
[    0.223038] ACPI: Using IOAPIC for interrupt routing
[    0.223947] PCI: Using host bridge windows from ACPI; if necessary, use "pci=nocrs" and report a bug
[    0.223949] PCI: Ignoring E820 reservations for host bridge windows
[    0.224622] ACPI: Enabled 6 GPEs in block 00 to 7F
[    0.236488] ACPI: \_SB_.PC00.XHCI.RHUB.HS14.BTRT: New power resource
[    0.243317] ACPI: \_SB_.PC00.CNVW.WRST: New power resource
[    0.250837] ACPI: \_TZ_.FN00: New power resource
[    0.250865] ACPI: \_TZ_.FN01: New power resource
[    0.250891] ACPI: \_TZ_.FN02: New power resource
[    0.250916] ACPI: \_TZ_.FN03: New power resource
[    0.250940] ACPI: \_TZ_.FN04: New power resource
[    0.251293] ACPI: \PIN_: New power resource
[    0.251532] ACPI: PCI Root Bridge [PC00] (domain 0000 [bus 00-fe])
[    0.251536] acpi PNP0A08:00: _OSC: OS supports [ExtendedConfig ASPM ClockPM Segments MSI EDR HPX-Type3]
[    0.254257] acpi PNP0A08:00: _OSC: OS now controls [PCIeHotplug SHPCHotplug PME AER PCIeCapability LTR DPC]
[    0.255300] PCI host bridge to bus 0000:00
[    0.255302] pci_bus 0000:00: root bus resource [io  0x0000-0x0cf7 window]
[    0.255304] pci_bus 0000:00: root bus resource [io  0x0d00-0xffff window]
[    0.255306] pci_bus 0000:00: root bus resource [mem 0x000a0000-0x000bffff window]
[    0.255308] pci_bus 0000:00: root bus resource [mem 0x000e0000-0x000effff window]
[    0.255310] pci_bus 0000:00: root bus resource [mem 0x80000000-0xbfffffff window]
[    0.255311] pci_bus 0000:00: root bus resource [mem 0x4000000000-0x7fffffffff window]
[    0.255313] pci_bus 0000:00: root bus resource [bus 00-fe]
[    0.255342] pci 0000:00:00.0: [8086:4648] type 00 class 0x060000 conventional PCI endpoint
[    0.255438] pci 0000:00:01.0: [8086:460d] type 01 class 0x060400 PCIe Root Port
[    0.255450] pci 0000:00:01.0: PCI bridge to [bus 01]
[    0.255452] pci 0000:00:01.0:   bridge window [io  0x4000-0x4fff]
[    0.255455] pci 0000:00:01.0:   bridge window [mem 0x80000000-0x810fffff]
[    0.255460] pci 0000:00:01.0:   bridge window [mem 0x4000000000-0x4011ffffff 64bit pref]
[    0.255492] pci 0000:00:01.0: PME# supported from D0 D3hot D3cold
[    0.255511] pci 0000:00:01.0: PTM enabled (root), 4ns granularity
[    0.255891] pci 0000:00:06.0: [8086:464d] type 01 class 0x060400 PCIe Root Port
[    0.255903] pci 0000:00:06.0: PCI bridge to [bus 02]
[    0.255906] pci 0000:00:06.0:   bridge window [mem 0x81300000-0x813fffff]
[    0.255944] pci 0000:00:06.0: PME# supported from D0 D3hot D3cold
[    0.255963] pci 0000:00:06.0: PTM enabled (root), 4ns granularity
[    0.256320] pci 0000:00:0a.0: [8086:467d] type 00 class 0x118000 PCIe Root Complex Integrated Endpoint
[    0.256336] pci 0000:00:0a.0: BAR 0 [mem 0x4012110000-0x4012117fff 64bit]
[    0.256343] pci 0000:00:0a.0: enabling Extended Tags
[    0.256447] pci 0000:00:14.0: [8086:7ae0] type 00 class 0x0c0330 conventional PCI endpoint
[    0.256488] pci 0000:00:14.0: BAR 0 [mem 0x4012100000-0x401210ffff 64bit]
[    0.256530] pci 0000:00:14.0: PME# supported from D3hot D3cold
[    0.256961] pci 0000:00:14.2: [8086:7aa7] type 00 class 0x050000 conventional PCI endpoint
[    0.257010] pci 0000:00:14.2: BAR 0 [mem 0x4012128000-0x401212bfff 64bit]
[    0.257014] pci 0000:00:14.2: BAR 2 [mem 0x4012134000-0x4012134fff 64bit]
[    0.257227] pci 0000:00:14.3: [8086:7af0] type 00 class 0x028000 PCIe Root Complex Integrated Endpoint
[    0.257360] pci 0000:00:14.3: BAR 0 [mem 0x4012124000-0x4012127fff 64bit]
[    0.257568] pci 0000:00:14.3: PME# supported from D0 D3hot D3cold
[    0.257939] pci 0000:00:15.0: [8086:7acc] type 00 class 0x0c8000 conventional PCI endpoint
[    0.258043] pci 0000:00:15.0: BAR 0 [mem 0x00000000-0x00000fff 64bit]
[    0.268801] pci 0000:00:15.1: [8086:7acd] type 00 class 0x0c8000 conventional PCI endpoint
[    0.268872] pci 0000:00:15.1: BAR 0 [mem 0x00000000-0x00000fff 64bit]
[    0.279786] pci 0000:00:15.2: [8086:7ace] type 00 class 0x0c8000 conventional PCI endpoint
[    0.279850] pci 0000:00:15.2: BAR 0 [mem 0x00000000-0x00000fff 64bit]
[    0.290799] pci 0000:00:15.3: [8086:7acf] type 00 class 0x0c8000 conventional PCI endpoint
[    0.290873] pci 0000:00:15.3: BAR 0 [mem 0x00000000-0x00000fff 64bit]
[    0.301801] pci 0000:00:16.0: [8086:7ae8] type 00 class 0x078000 conventional PCI endpoint
[    0.301852] pci 0000:00:16.0: BAR 0 [mem 0x401212f000-0x401212ffff 64bit]
[    0.301902] pci 0000:00:16.0: PME# supported from D3hot
[    0.302266] pci 0000:00:17.0: [8086:7ae2] type 00 class 0x010601 conventional PCI endpoint
[    0.302304] pci 0000:00:17.0: BAR 0 [mem 0x81400000-0x81401fff]
[    0.302307] pci 0000:00:17.0: BAR 1 [mem 0x81403000-0x814030ff]
[    0.302309] pci 0000:00:17.0: BAR 2 [io  0x5050-0x5057]
[    0.302312] pci 0000:00:17.0: BAR 3 [io  0x5040-0x5043]
[    0.302314] pci 0000:00:17.0: BAR 4 [io  0x5020-0x503f]
[    0.302316] pci 0000:00:17.0: BAR 5 [mem 0x81402000-0x814027ff]
[    0.302350] pci 0000:00:17.0: PME# supported from D3hot
[    0.302538] pci 0000:00:19.0: [8086:7afc] type 00 class 0x0c8000 conventional PCI endpoint
[    0.302605] pci 0000:00:19.0: BAR 0 [mem 0x00000000-0x00000fff 64bit]
[    0.313792] pci 0000:00:19.1: [8086:7afd] type 00 class 0x0c8000 conventional PCI endpoint
[    0.313863] pci 0000:00:19.1: BAR 0 [mem 0x00000000-0x00000fff 64bit]
[    0.324818] pci 0000:00:1a.0: [8086:7ac8] type 01 class 0x060400 PCIe Root Port
[    0.324843] pci 0000:00:1a.0: PCI bridge to [bus 03]
[    0.324849] pci 0000:00:1a.0:   bridge window [mem 0x81200000-0x812fffff]
[    0.324936] pci 0000:00:1a.0: PME# supported from D0 D3hot D3cold
[    0.324985] pci 0000:00:1a.0: PTM enabled (root), 4ns granularity
[    0.325407] pci 0000:00:1c.0: [8086:7ab8] type 01 class 0x060400 PCIe Root Port
[    0.325431] pci 0000:00:1c.0: PCI bridge to [bus 04]
[    0.325435] pci 0000:00:1c.0:   bridge window [io  0x3000-0x3fff]
[    0.325439] pci 0000:00:1c.0:   bridge window [mem 0x81100000-0x811fffff]
[    0.325519] pci 0000:00:1c.0: PME# supported from D0 D3hot D3cold
[    0.325562] pci 0000:00:1c.0: PTM enabled (root), 4ns granularity
[    0.325965] pci 0000:00:1f.0: [8086:7a86] type 00 class 0x060100 conventional PCI endpoint
[    0.326210] pci 0000:00:1f.3: [8086:7ad0] type 00 class 0x040300 conventional PCI endpoint
[    0.326308] pci 0000:00:1f.3: BAR 0 [mem 0x4012120000-0x4012123fff 64bit]
[    0.326320] pci 0000:00:1f.3: BAR 4 [mem 0x4012000000-0x40120fffff 64bit]
[    0.326408] pci 0000:00:1f.3: PME# supported from D3hot D3cold
[    0.326491] pci 0000:00:1f.4: [8086:7aa3] type 00 class 0x0c0500 conventional PCI endpoint
[    0.326541] pci 0000:00:1f.4: BAR 0 [mem 0x401212c000-0x401212c0ff 64bit]
[    0.326548] pci 0000:00:1f.4: BAR 4 [io  0xefa0-0xefbf]
[    0.326692] pci 0000:00:1f.5: [8086:7aa4] type 00 class 0x0c8000 conventional PCI endpoint
[    0.326746] pci 0000:00:1f.5: BAR 0 [mem 0xfe010000-0xfe010fff]
[    0.326827] pci 0000:01:00.0: [10de:2504] type 00 class 0x030000 PCIe Legacy Endpoint
[    0.326872] pci 0000:01:00.0: BAR 0 [mem 0x80000000-0x80ffffff]
[    0.326876] pci 0000:01:00.0: BAR 1 [mem 0x4000000000-0x400fffffff 64bit pref]
[    0.326880] pci 0000:01:00.0: BAR 3 [mem 0x4010000000-0x4011ffffff 64bit pref]
[    0.326883] pci 0000:01:00.0: BAR 5 [io  0x4000-0x407f]
[    0.326885] pci 0000:01:00.0: ROM [mem 0x81000000-0x8107ffff pref]
[    0.326975] pci 0000:01:00.0: PME# supported from D0 D3hot
[    0.327320] pci 0000:01:00.1: [10de:228e] type 00 class 0x040300 PCIe Endpoint
[    0.327362] pci 0000:01:00.1: BAR 0 [mem 0x81080000-0x81083fff]
[    0.327539] pci 0000:00:01.0: PCI bridge to [bus 01]
[    0.327571] pci 0000:02:00.0: [2646:5017] type 00 class 0x010802 PCIe Endpoint
[    0.327596] pci 0000:02:00.0: BAR 0 [mem 0x81300000-0x81303fff 64bit]
[    0.327723] pci 0000:00:06.0: PCI bridge to [bus 02]
[    0.327783] pci 0000:03:00.0: [1e4b:1602] type 00 class 0x010802 PCIe Endpoint
[    0.327829] pci 0000:03:00.0: BAR 0 [mem 0x81200000-0x81203fff 64bit]
[    0.328186] pci 0000:00:1a.0: PCI bridge to [bus 03]
[    0.328253] pci 0000:04:00.0: [10ec:8125] type 00 class 0x020000 PCIe Endpoint
[    0.328318] pci 0000:04:00.0: BAR 0 [io  0x3000-0x30ff]
[    0.328324] pci 0000:04:00.0: BAR 2 [mem 0x81100000-0x8110ffff 64bit]
[    0.328329] pci 0000:04:00.0: BAR 4 [mem 0x81110000-0x81113fff 64bit]
[    0.328458] pci 0000:04:00.0: supports D1 D2
[    0.328460] pci 0000:04:00.0: PME# supported from D0 D1 D2 D3hot D3cold
[    0.328761] pci 0000:00:1c.0: PCI bridge to [bus 04]
[    0.330090] ACPI: PCI: Interrupt link LNKA configured for IRQ 0
[    0.330161] ACPI: PCI: Interrupt link LNKB configured for IRQ 1
[    0.330230] ACPI: PCI: Interrupt link LNKC configured for IRQ 0
[    0.330299] ACPI: PCI: Interrupt link LNKD configured for IRQ 0
[    0.330367] ACPI: PCI: Interrupt link LNKE configured for IRQ 0
[    0.330436] ACPI: PCI: Interrupt link LNKF configured for IRQ 0
[    0.330505] ACPI: PCI: Interrupt link LNKG configured for IRQ 0
[    0.330574] ACPI: PCI: Interrupt link LNKH configured for IRQ 0
[    0.335416] iommu: Default domain type: Passthrough (set via kernel command line)
[    0.335466] SCSI subsystem initialized
[    0.335478] ACPI: bus type USB registered
[    0.335484] usbcore: registered new interface driver usbfs
[    0.335488] usbcore: registered new interface driver hub
[    0.335491] usbcore: registered new device driver usb
[    0.335507] pps_core: LinuxPPS API ver. 1 registered
[    0.335509] pps_core: Software ver. 5.3.6 - Copyright 2005-2007 Rodolfo Giometti <giometti@linux.it>
[    0.335512] PTP clock support registered
[    0.335523] EDAC MC: Ver: 3.0.0
[    0.335550] efivars: Registered efivars operations
[    0.335562] NetLabel: Initializing
[    0.335564] NetLabel:  domain hash size = 128
[    0.335565] NetLabel:  protocols = UNLABELED CIPSOv4 CALIPSO
[    0.335575] NetLabel:  unlabeled traffic allowed by default
[    0.335579] PCI: Using ACPI for IRQ routing
[    0.357656] PCI: pci_cache_line_size set to 64 bytes
[    0.357748] pci 0000:00:1f.5: BAR 0 [mem 0xfe010000-0xfe010fff]: can't claim; no compatible bridge window
[    0.357838] e820: reserve RAM buffer [mem 0x0009e000-0x0009ffff]
[    0.357839] e820: reserve RAM buffer [mem 0x5f22c018-0x5fffffff]
[    0.357840] e820: reserve RAM buffer [mem 0x64448000-0x67ffffff]
[    0.357841] e820: reserve RAM buffer [mem 0x6c063000-0x6fffffff]
[    0.357842] e820: reserve RAM buffer [mem 0x6e79d000-0x6fffffff]
[    0.357842] e820: reserve RAM buffer [mem 0x76800000-0x77ffffff]
[    0.358431] pci 0000:01:00.0: vgaarb: setting as boot VGA device
[    0.358431] pci 0000:01:00.0: vgaarb: bridge control possible
[    0.358431] pci 0000:01:00.0: vgaarb: VGA device added: decodes=io+mem,owns=none,locks=none
[    0.358431] vgaarb: loaded
[    0.358467] hpet0: at MMIO 0xfed00000, IRQs 2, 8, 0, 0, 0, 0, 0, 0
[    0.358473] hpet0: 8 comparators, 64-bit 19.200000 MHz counter
[    0.360436] clocksource: Switched to clocksource tsc-early
[    0.360752] VFS: Disk quotas dquot_6.6.0
[    0.360757] VFS: Dquot-cache hash table entries: 512 (order 0, 4096 bytes)
[    0.360792] pnp: PnP ACPI init
[    0.361054] system 00:00: [io  0x0a00-0x0a0f] has been reserved
[    0.361056] system 00:00: [io  0x0a10-0x0a1f] has been reserved
[    0.361058] system 00:00: [io  0x0a20-0x0a2f] has been reserved
[    0.361059] system 00:00: [io  0x0a30-0x0a3f] has been reserved
[    0.361061] system 00:00: [io  0x0a40-0x0a4f] has been reserved
[    0.361062] system 00:00: [io  0x0a50-0x0a5f] has been reserved
[    0.361064] system 00:00: [io  0x0a60-0x0a6f] has been reserved
[    0.361065] system 00:00: [io  0x0a70-0x0a7f] has been reserved
[    0.361067] system 00:00: [io  0x0a80-0x0a8f] has been reserved
[    0.361161] system 00:01: [io  0x0680-0x069f] has been reserved
[    0.361163] system 00:01: [io  0x164e-0x164f] has been reserved
[    0.362194] system 00:02: [mem 0xfedc0000-0xfedc7fff] has been reserved
[    0.362196] system 00:02: [mem 0xfeda0000-0xfeda0fff] has been reserved
[    0.362198] system 00:02: [mem 0xfeda1000-0xfeda1fff] has been reserved
[    0.362199] system 00:02: [mem 0xc0000000-0xcfffffff] has been reserved
[    0.362201] system 00:02: [mem 0xfed20000-0xfed7ffff] could not be reserved
[    0.362203] system 00:02: [mem 0xfed90000-0xfed93fff] could not be reserved
[    0.362204] system 00:02: [mem 0xfed45000-0xfed8ffff] could not be reserved
[    0.362206] system 00:02: [mem 0xfee00000-0xfeefffff] could not be reserved
[    0.362744] system 00:03: [io  0x2000-0x20fe] has been reserved
[    0.363191] pnp: PnP ACPI: found 5 devices
[    0.368427] clocksource: acpi_pm: mask: 0xffffff max_cycles: 0xffffff, max_idle_ns: 2085701024 ns
[    0.368461] NET: Registered PF_INET protocol family
[    0.368630] IP idents hash table entries: 262144 (order: 9, 2097152 bytes, linear)
[    0.378547] tcp_listen_portaddr_hash hash table entries: 65536 (order: 8, 1048576 bytes, linear)
[    0.378839] Table-perturb hash table entries: 65536 (order: 6, 262144 bytes, linear)
[    0.378856] TCP established hash table entries: 524288 (order: 10, 4194304 bytes, linear)
[    0.379874] TCP bind hash table entries: 65536 (order: 9, 2097152 bytes, linear)
[    0.380358] TCP: Hash tables configured (established 524288 bind 65536)
[    0.380541] MPTCP token hash table entries: 65536 (order: 8, 1572864 bytes, linear)
[    0.380624] UDP hash table entries: 65536 (order: 9, 2097152 bytes, linear)
[    0.381401] UDP-Lite hash table entries: 65536 (order: 9, 2097152 bytes, linear)
[    0.382202] NET: Registered PF_UNIX/PF_LOCAL protocol family
[    0.382210] NET: Registered PF_XDP protocol family
[    0.382219] pci 0000:00:15.0: BAR 0 [mem 0x4012118000-0x4012118fff 64bit]: assigned
[    0.382240] pci 0000:00:15.1: BAR 0 [mem 0x4012119000-0x4012119fff 64bit]: assigned
[    0.382253] pci 0000:00:15.2: BAR 0 [mem 0x401211a000-0x401211afff 64bit]: assigned
[    0.382269] pci 0000:00:15.3: BAR 0 [mem 0x401211b000-0x401211bfff 64bit]: assigned
[    0.382285] pci 0000:00:19.0: BAR 0 [mem 0x401211c000-0x401211cfff 64bit]: assigned
[    0.382301] pci 0000:00:19.1: BAR 0 [mem 0x401211d000-0x401211dfff 64bit]: assigned
[    0.382318] pci 0000:00:1f.5: BAR 0 [mem 0x81404000-0x81404fff]: assigned
[    0.382324] pci 0000:00:01.0: PCI bridge to [bus 01]
[    0.382326] pci 0000:00:01.0:   bridge window [io  0x4000-0x4fff]
[    0.382329] pci 0000:00:01.0:   bridge window [mem 0x80000000-0x810fffff]
[    0.382332] pci 0000:00:01.0:   bridge window [mem 0x4000000000-0x4011ffffff 64bit pref]
[    0.382335] pci 0000:00:06.0: PCI bridge to [bus 02]
[    0.382338] pci 0000:00:06.0:   bridge window [mem 0x81300000-0x813fffff]
[    0.382342] pci 0000:00:1a.0: PCI bridge to [bus 03]
[    0.382353] pci 0000:00:1a.0:   bridge window [mem 0x81200000-0x812fffff]
[    0.382360] pci 0000:00:1c.0: PCI bridge to [bus 04]
[    0.382362] pci 0000:00:1c.0:   bridge window [io  0x3000-0x3fff]
[    0.382367] pci 0000:00:1c.0:   bridge window [mem 0x81100000-0x811fffff]
[    0.382374] pci_bus 0000:00: resource 4 [io  0x0000-0x0cf7 window]
[    0.382376] pci_bus 0000:00: resource 5 [io  0x0d00-0xffff window]
[    0.382377] pci_bus 0000:00: resource 6 [mem 0x000a0000-0x000bffff window]
[    0.382379] pci_bus 0000:00: resource 7 [mem 0x000e0000-0x000effff window]
[    0.382381] pci_bus 0000:00: resource 8 [mem 0x80000000-0xbfffffff window]
[    0.382382] pci_bus 0000:00: resource 9 [mem 0x4000000000-0x7fffffffff window]
[    0.382384] pci_bus 0000:01: resource 0 [io  0x4000-0x4fff]
[    0.382385] pci_bus 0000:01: resource 1 [mem 0x80000000-0x810fffff]
[    0.382387] pci_bus 0000:01: resource 2 [mem 0x4000000000-0x4011ffffff 64bit pref]
[    0.382389] pci_bus 0000:02: resource 1 [mem 0x81300000-0x813fffff]
[    0.382390] pci_bus 0000:03: resource 1 [mem 0x81200000-0x812fffff]
[    0.382392] pci_bus 0000:04: resource 0 [io  0x3000-0x3fff]
[    0.382393] pci_bus 0000:04: resource 1 [mem 0x81100000-0x811fffff]
[    0.382753] pci 0000:01:00.1: extending delay after power-on from D3hot to 20 msec
[    0.382776] pci 0000:01:00.1: D0 power state depends on 0000:01:00.0
[    0.382797] PCI: CLS 64 bytes, default 64
[    0.382881] DMAR: No RMRR found
[    0.382882] DMAR: No ATSR found
[    0.382883] DMAR: No SATC found
[    0.382884] DMAR: dmar0: Using Queued invalidation
[    0.382928] pci 0000:00:00.0: Adding to iommu group 0
[    0.382928] Trying to unpack rootfs image as initramfs...
[    0.382936] pci 0000:00:01.0: Adding to iommu group 1
[    0.382942] pci 0000:00:06.0: Adding to iommu group 2
[    0.382948] pci 0000:00:0a.0: Adding to iommu group 3
[    0.382961] pci 0000:00:14.0: Adding to iommu group 4
[    0.382967] pci 0000:00:14.2: Adding to iommu group 4
[    0.382973] pci 0000:00:14.3: Adding to iommu group 5
[    0.382987] pci 0000:00:15.0: Adding to iommu group 6
[    0.382993] pci 0000:00:15.1: Adding to iommu group 6
[    0.383000] pci 0000:00:15.2: Adding to iommu group 6
[    0.383006] pci 0000:00:15.3: Adding to iommu group 6
[    0.383013] pci 0000:00:16.0: Adding to iommu group 7
[    0.383019] pci 0000:00:17.0: Adding to iommu group 8
[    0.383029] pci 0000:00:19.0: Adding to iommu group 9
[    0.383035] pci 0000:00:19.1: Adding to iommu group 9
[    0.383050] pci 0000:00:1a.0: Adding to iommu group 10
[    0.383057] pci 0000:00:1c.0: Adding to iommu group 11
[    0.383071] pci 0000:00:1f.0: Adding to iommu group 12
[    0.383078] pci 0000:00:1f.3: Adding to iommu group 12
[    0.383084] pci 0000:00:1f.4: Adding to iommu group 12
[    0.383090] pci 0000:00:1f.5: Adding to iommu group 12
[    0.383101] pci 0000:01:00.0: Adding to iommu group 13
[    0.383108] pci 0000:01:00.1: Adding to iommu group 13
[    0.383114] pci 0000:02:00.0: Adding to iommu group 14
[    0.383129] pci 0000:03:00.0: Adding to iommu group 15
[    0.383136] pci 0000:04:00.0: Adding to iommu group 16
[    0.383152] DMAR: Intel(R) Virtualization Technology for Directed I/O
[    0.383153] PCI-DMA: Using software bounce buffering for IO (SWIOTLB)
[    0.383155] software IO TLB: mapped [mem 0x0000000065eb4000-0x0000000069eb4000] (64MB)
[    0.383163] ACPI: bus type thunderbolt registered
[    0.383216] clocksource: tsc: mask: 0xffffffffffffffff max_cycles: 0x23fa772cf26, max_idle_ns: 440795269835 ns
[    0.383269] clocksource: Switched to clocksource tsc
[    0.383279] platform rtc_cmos: registered platform RTC device (no PNP device found)
[    0.398043] Initialise system trusted keyrings
[    0.398052] Key type blacklist registered
[    0.398090] workingset: timestamp_bits=36 max_order=25 bucket_order=0
[    0.398109] zbud: loaded
[    0.398309] integrity: Platform Keyring initialized
[    0.398312] integrity: Machine keyring initialized
[    0.398484] alg: self-tests for sha3-256-generic (sha3-256) passed
[    0.408694] NET: Registered PF_ALG protocol family
[    0.408702] Key type asymmetric registered
[    0.408704] Asymmetric key parser 'x509' registered
[    0.535000] Freeing initrd memory: 90316K
[    0.537846] alg: self-tests for sha256-ni (sha256) passed
[    0.538021] alg: self-tests for hmac(sha256-ni) (hmac(sha256)) passed
[    0.538040] alg: self-tests for CTR-KDF (hmac(sha256)) passed
[    0.538077] Block layer SCSI generic (bsg) driver version 0.4 loaded (major 246)
[    0.538098] io scheduler mq-deadline registered
[    0.538100] io scheduler kyber registered
[    0.538107] io scheduler bfq registered
[    0.538717] alg: self-tests for crct10dif-generic (crct10dif) passed
[    0.538874] alg: self-tests for crc32c-generic (crc32c) passed
[    0.539188] alg: self-tests for crc64-rocksoft-generic (crc64-rocksoft) passed
[    0.539295] atomic64_test: passed for x86-64 platform with CX8 and with SSE
[    0.539370] alg: self-tests for sha1-ni (sha1) passed
[    0.539585] pcieport 0000:00:01.0: PME: Signaling with IRQ 121
[    0.539636] pcieport 0000:00:01.0: AER: enabled with IRQ 121
[    0.539762] pcieport 0000:00:06.0: PME: Signaling with IRQ 122
[    0.539790] pcieport 0000:00:06.0: AER: enabled with IRQ 122
[    0.539941] pcieport 0000:00:1a.0: PME: Signaling with IRQ 123
[    0.539981] pcieport 0000:00:1a.0: AER: enabled with IRQ 123
[    0.540160] pcieport 0000:00:1c.0: PME: Signaling with IRQ 124
[    0.540196] pcieport 0000:00:1c.0: AER: enabled with IRQ 124
[    0.540282] shpchp: Standard Hot Plug PCI Controller Driver version: 0.4
[    0.540395] Monitor-Mwait will be used to enter C-1 state
[    0.540406] Monitor-Mwait will be used to enter C-2 state
[    0.540416] Monitor-Mwait will be used to enter C-3 state
[    0.540901] input: Sleep Button as /devices/LNXSYSTM:00/LNXSYBUS:00/PNP0C0E:00/input/input0
[    0.540915] ACPI: button: Sleep Button [SLPB]
[    0.540929] input: Power Button as /devices/LNXSYSTM:00/LNXSYBUS:00/PNP0C0C:00/input/input1
[    0.540937] ACPI: button: Power Button [PWRB]
[    0.540949] input: Power Button as /devices/LNXSYSTM:00/LNXPWRBN:00/input/input2
[    0.541043] ACPI: button: Power Button [PWRF]
[    0.543186] thermal LNXTHERM:00: registered as thermal_zone0
[    0.543188] ACPI: thermal: Thermal Zone [TZ00] (28 C)
[    0.543291] Serial: 8250/16550 driver, 4 ports, IRQ sharing enabled
[    0.543473] serial8250: ttyS0 at I/O 0x3f8 (irq = 4, base_baud = 115200) is a 16550A
[    0.543947] Non-volatile memory driver v1.3
[    0.549388] ACPI: bus type drm_connector registered
[    0.550605] intel-lpss 0000:00:15.0: enabling device (0004 -> 0006)
[    0.550877] intel-lpss 0000:00:15.1: enabling device (0004 -> 0006)
[    0.550994] intel-lpss 0000:00:15.2: enabling device (0004 -> 0006)
[    0.551102] intel-lpss 0000:00:15.3: enabling device (0004 -> 0006)
[    0.551213] intel-lpss 0000:00:19.0: enabling device (0004 -> 0006)
[    0.551321] intel-lpss 0000:00:19.1: enabling device (0004 -> 0006)
[    0.551720] rdac: device handler registered
[    0.551747] hp_sw: device handler registered
[    0.551764] emc: device handler registered
[    0.551794] alua: device handler registered
[    0.551991] xhci_hcd 0000:00:14.0: xHCI Host Controller
[    0.552010] xhci_hcd 0000:00:14.0: new USB bus registered, assigned bus number 1
[    0.553110] xhci_hcd 0000:00:14.0: hcc params 0x20007fc1 hci version 0x120 quirks 0x0000000200009810
[    0.553367] xhci_hcd 0000:00:14.0: xHCI Host Controller
[    0.553392] xhci_hcd 0000:00:14.0: new USB bus registered, assigned bus number 2
[    0.553394] xhci_hcd 0000:00:14.0: Host supports USB 3.2 Enhanced SuperSpeed
[    0.553424] usb usb1: New USB device found, idVendor=1d6b, idProduct=0002, bcdDevice= 6.12
[    0.553427] usb usb1: New USB device strings: Mfr=3, Product=2, SerialNumber=1
[    0.553429] usb usb1: Product: xHCI Host Controller
[    0.553430] usb usb1: Manufacturer: Linux 6.12.0-124.40.1.el10_1.x86_64 xhci-hcd
[    0.553432] usb usb1: SerialNumber: 0000:00:14.0
[    0.553501] hub 1-0:1.0: USB hub found
[    0.553523] hub 1-0:1.0: 16 ports detected
[    0.554536] usb usb2: New USB device found, idVendor=1d6b, idProduct=0003, bcdDevice= 6.12
[    0.554538] usb usb2: New USB device strings: Mfr=3, Product=2, SerialNumber=1
[    0.554540] usb usb2: Product: xHCI Host Controller
[    0.554541] usb usb2: Manufacturer: Linux 6.12.0-124.40.1.el10_1.x86_64 xhci-hcd
[    0.554543] usb usb2: SerialNumber: 0000:00:14.0
[    0.554602] hub 2-0:1.0: USB hub found
[    0.554620] hub 2-0:1.0: 10 ports detected
[    0.554894] usb: port power management may be unreliable
[    0.555356] usbcore: registered new interface driver usbserial_generic
[    0.555360] usbserial: USB Serial support registered for generic
[    0.555382] i8042: PNP: No PS/2 controller found.
[    0.555415] mousedev: PS/2 mouse device common for all mice
[    0.555482] rtc_cmos rtc_cmos: RTC can wake from S4
[    0.556372] rtc_cmos rtc_cmos: registered as rtc0
[    0.556552] rtc_cmos rtc_cmos: setting system clock to 2026-03-05T18:19:16 UTC (1772734756)
[    0.556584] rtc_cmos rtc_cmos: alarms up to one month, y3k, 114 bytes nvram
[    0.556922] intel_pstate: Intel P-state driver initializing
[    0.557810] Hybrid CPU capacity scaling enabled
[    0.557901] intel_pstate: HWP enabled
[    0.558122] [drm] Initialized simpledrm 1.0.0 for simple-framebuffer.0 on minor 0
[    0.559086] Console: switching to colour frame buffer device 100x37
[    0.559490] simple-framebuffer simple-framebuffer.0: [drm] fb0: simpledrmdrmfb frame buffer device
[    0.559765] hid: raw HID events driver (C) Jiri Kosina
[    0.559797] usbcore: registered new interface driver usbhid
[    0.559802] usbhid: USB HID core driver
[    0.559838] drop_monitor: Initializing network drop monitor service
[    0.559908] Initializing XFRM netlink socket
[    0.560210] NET: Registered PF_INET6 protocol family
[    0.563198] alg: self-tests for hmac(sha1-ni) (hmac(sha1)) passed
[    0.563405] Segment Routing with IPv6
[    0.563507] In-situ OAM (IOAM) with IPv6
[    0.563611] NET: Registered PF_PACKET protocol family
[    0.563723] mpls_gso: MPLS GSO support
[    0.564708] ENERGY_PERF_BIAS: Set to 'normal', was 'performance'
[    0.565101] microcode: Current revision: 0x0000003d
[    0.565183] microcode: Updated early from: 0x00000020
[    0.565620] IPI shorthand broadcast: enabled
[    0.565725] AES CTR mode by8 optimization enabled
[    0.566707] sched_clock: Marking stable (561024026, 4786651)->(571645392, -5834715)
[    0.567128] registered taskstats version 1
[    0.567640] Loading compiled-in X.509 certificates
[    0.568126] alg: self-tests for sha512-avx2 (sha512) passed
[    0.568908] alg: self-tests for rsa-generic (rsa) passed
[    0.569082] alg: self-tests for pkcs1pad(rsa-generic,sha512) (pkcs1pad(rsa,sha512)) passed
[    0.569463] Loaded X.509 cert 'Red Hat Enterprise Linux kernel signing key: d5c070778b2e44852f9fb698cde1b7550509024b'
[    0.569856] alg: self-tests for pkcs1pad(rsa-generic,sha256) (pkcs1pad(rsa,sha256)) passed
[    0.570186] Loaded X.509 cert 'Red Hat Enterprise Linux Driver Update Program (key 3): bf57f3e87362bc7229d9f465321773dfd1f77a80'
[    0.570560] Loaded X.509 cert 'Red Hat Enterprise Linux kpatch signing key: 4d38fd864ebe18c5f0b72e3852e2014c3a676fc8'
[    0.570747] Loaded X.509 cert 'Nvidia GPU OOT signing 001: 55e1cef88193e60419f0b0ec379c49f77545acf0'
[    0.571073] Loaded X.509 cert 'RH-IMA-CA: Red Hat IMA CA: fb31825dd0e073685b264e3038963673f753959a'
[    0.572428] Demotion targets for Node 0: null
[    0.572800] page_owner is disabled
[    0.572937] Key type .fscrypt registered
[    0.573041] Key type fscrypt-provisioning registered
[    0.573169] Key type big_key registered
[    0.573264] Key type trusted registered
[    0.587832] alg: self-tests for aes-aesni (aes) passed
[    0.588098] alg: self-tests for ecb(aes-aesni) (ecb(aes)) passed
[    0.588405] alg: self-tests for cbc(ecb(aes-aesni)) (cbc(aes)) passed
[    0.588594] Key type encrypted registered
[    0.588961] integrity: Loading X.509 certificate: UEFI:db
[    0.589062] integrity: Loaded X.509 cert 'Lenovo UEFI CA 2014: 4b91a68732eaefdd2c8ffffc6b027ec3449e9c8f'
[    0.589238] integrity: Loading X.509 certificate: UEFI:db
[    0.589419] integrity: Loaded X.509 cert 'Trust - Lenovo Certificate: bc19ccf68446c18b4a08dce9b1cb4deb'
[    0.589600] integrity: Loading X.509 certificate: UEFI:db
[    0.589704] integrity: Loaded X.509 cert 'Microsoft UEFI CA 2023: 81aa6b3244c935bce0d6628af39827421e32497d'
[    0.589939] integrity: Loading X.509 certificate: UEFI:db
[    0.590044] integrity: Loaded X.509 cert 'Microsoft Option ROM UEFI CA 2023: 514fbf937fa46fb57bf07af8bed84b3b864b1711'
[    0.590233] integrity: Loading X.509 certificate: UEFI:db
[    0.590337] integrity: Loaded X.509 cert 'Microsoft Corporation: Windows UEFI CA 2023: aefc5fbbbe055d8f8daa585473499417ab5a5272'
[    0.590522] integrity: Loading X.509 certificate: UEFI:db
[    0.590624] integrity: Loaded X.509 cert 'Microsoft Corporation UEFI CA 2011: 13adbf4309bd82709c8cd54f316ed522988a1bd4'
[    0.590811] integrity: Loading X.509 certificate: UEFI:db
[    0.590909] integrity: Loaded X.509 cert 'Microsoft Windows Production PCA 2011: a92902398e16c49778cd90f99e4f9ae17c55af53'
[    0.591983] integrity: Loading X.509 certificate: UEFI:MokListRT (MOKvar table)
[    0.592165] integrity: Loading X.509 certificate: UEFI:MokListRT (MOKvar table)
[    0.592342] integrity: Loaded X.509 cert 'Red Hat Secure Boot CA 5: cc6fa5e72868ba494e939bbd680b9144769a9f8f'
[    0.592520] integrity: Loading X.509 certificate: UEFI:MokListRT (MOKvar table)
[    0.592891] integrity: Loading X.509 certificate: UEFI:MokListRT (MOKvar table)
[    0.593267] integrity: Loaded X.509 cert 'Red Hat Secure Boot CA 8: e1c6c580aa1e21d585aad9bf20f3929e5ec1f08b'
[    0.593454] integrity: Loading X.509 certificate: UEFI:MokListRT (MOKvar table)
[    0.593636] integrity: Loading X.509 certificate: UEFI:MokListRT (MOKvar table)
[    0.593817] integrity: Loaded X.509 cert 'VMware: 895610442d9b8bcb19b30ccfa154b62d81e046c4'
[    0.593914] integrity: Loading X.509 certificate: UEFI:MokListRT (MOKvar table)
[    0.594277] integrity: Loading X.509 certificate: UEFI:MokListRT (MOKvar table)
[    0.594637] integrity: Loaded X.509 cert 'HYP3R-P4NTH3R Secure Boot: e563940a7c00403e4f94c9966f96b177fc5aa12d'
[    0.594835] integrity: Loading X.509 certificate: UEFI:MokListRT (MOKvar table)
[    0.595012] integrity: Loading X.509 certificate: UEFI:MokListRT (MOKvar table)
[    0.595187] integrity: Loaded X.509 cert 'DKMS module signing key: c432bc627d027036e3b74455738edefc4d012ba7'
[    0.595366] Loading compiled-in module X.509 certificates
[    0.595632] Loaded X.509 cert 'Red Hat Enterprise Linux kernel signing key: d5c070778b2e44852f9fb698cde1b7550509024b'
[    0.596029] ima: Allocated hash algorithm: sha256
[    0.613372] evm: Initialising EVM extended attributes:
[    0.613369] audit: type=1807 audit(1772734756.555:2): action=measure func=KEXEC_KERNEL_CHECK res=1
[    0.613461] evm: security.selinux
[    0.613462] evm: security.SMACK64 (disabled)
[    0.613777] audit: type=1807 audit(1772734756.555:3): action=appraise func=POLICY_CHECK appraise_type=imasig res=1
[    0.613894] evm: security.SMACK64EXEC (disabled)
[    0.613895] evm: security.SMACK64TRANSMUTE (disabled)
[    0.613895] evm: security.SMACK64MMAP (disabled)
[    0.613895] evm: security.apparmor (disabled)
[    0.614047] audit: type=1807 audit(1772734756.555:4): action=measure func=MODULE_CHECK res=1
[    0.614214] evm: security.ima
[    0.614215] evm: security.capability
[    0.614827] evm: HMAC attrs: 0x1
[    0.615602] alg: xctr(aes) (xctr-aes-aesni) is disabled due to FIPS
[    0.616613] alg: self-tests for jitterentropy_rng (jitterentropy_rng) passed
[    0.616934] alg: poly1305 (poly1305-simd) is disabled due to FIPS
[    0.617309] alg: self-tests for sha384-avx (sha384) passed
[    0.617668] alg: self-tests for ctr-aes-aesni (ctr(aes)) passed
[    0.617745] alg: xchacha12 (xchacha12-simd) is disabled due to FIPS
[    0.617754] alg: xchacha20 (xchacha20-simd) is disabled due to FIPS
[    0.617766] alg: chacha20 (chacha20-simd) is disabled due to FIPS
[    0.618088] alg: ecdh-nist-p384 (ecdh-nist-p384-generic) is disabled due to FIPS
[    0.618105] alg: ecdh-nist-p256 (ecdh-nist-p256-generic) is disabled due to FIPS
[    0.618117] alg: ecdh-nist-p192 (ecdh-nist-p192-generic) is disabled due to FIPS
[    0.618128] alg: ghash (ghash-generic) is disabled due to FIPS
[    0.618180] alg: self-tests for drbg_nopr_sha512 (stdrng) passed
[    0.618241] alg: self-tests for drbg_pr_hmac_sha512 (stdrng) passed
[    0.618293] alg: self-tests for drbg_pr_sha512 (stdrng) passed
[    0.618317] alg: self-tests for drbg_pr_ctr_aes256 (stdrng) passed
[    0.618333] alg: self-tests for drbg_pr_ctr_aes192 (stdrng) passed
[    0.618553] alg: md5 (md5-generic) is disabled due to FIPS
[    0.618569] alg: self-tests for ecb-cipher_null (ecb(cipher_null)) passed
[    0.618581] alg: digest_null (digest_null-generic) is disabled due to FIPS
[    0.618592] alg: compress_null (compress_null-generic) is disabled due to FIPS
[    0.618656] alg: ecdsa-nist-p192 (ecdsa-nist-p192-generic) is disabled due to FIPS
[    0.618669] alg: dh (dh-generic) is disabled due to FIPS
[    0.618778] alg: self-tests for lzo-rle-scomp (lzo-rle) passed
[    0.618843] alg: self-tests for lzo-rle-generic (lzo-rle) passed
[    0.618962] alg: self-tests for lzo-scomp (lzo) passed
[    0.618998] alg: self-tests for lzo-generic (lzo) passed
[    0.619167] alg: self-tests for deflate-scomp (deflate) passed
[    0.619252] alg: self-tests for deflate-generic (deflate) passed
[    0.619281] alg: self-tests for aes-generic (aes) passed
[    0.619363] alg: self-tests for cipher_null-generic (cipher_null) passed
[    0.622143] alg: self-tests for sha1-ssse3 (sha1) passed
[    0.622147] alg: self-tests for sha384-avx2 (sha384) passed
[    0.622153] alg: self-tests for sha224-avx2 (sha224) passed
[    0.622165] alg: self-tests for sha224-ni (sha224) passed
[    0.622169] alg: self-tests for sha512-ssse3 (sha512) passed
[    0.622217] alg: self-tests for sha256-avx2 (sha256) passed
[    0.622220] alg: self-tests for sha384-ssse3 (sha384) passed
[    0.622244] alg: self-tests for sha3-512-generic (sha3-512) passed
[    0.622265] alg: self-tests for sha1-avx (sha1) passed
[    0.622296] alg: self-tests for sha224-avx (sha224) passed
[    0.622309] alg: self-tests for sha1-avx2 (sha1) passed
[    0.622318] alg: self-tests for sha3-384-generic (sha3-384) passed
[    0.622350] alg: self-tests for sha256-avx (sha256) passed
[    0.622378] alg: self-tests for sha3-224-generic (sha3-224) passed
[    0.622461] alg: self-tests for sha384-generic (sha384) passed
[    0.622467] alg: self-tests for sha224-ssse3 (sha224) passed
[    0.622509] alg: self-tests for sha256-ssse3 (sha256) passed
[    0.622605] alg: self-tests for sha512-generic (sha512) passed
[    0.622632] alg: self-tests for sha224-generic (sha224) passed
[    0.622639] alg: self-tests for sha256-generic (sha256) passed
[    0.622641] alg: self-tests for sha512-avx (sha512) passed
[    0.622704] alg: self-tests for sha1-generic (sha1) passed
[    0.622795] alg: self-tests for cbc-aes-aesni (cbc(aes)) passed
[    0.622990] alg: self-tests for rfc4106-gcm-aesni (rfc4106(gcm(aes))) passed
[    0.623363] alg: self-tests for generic-gcm-aesni (gcm(aes)) passed
[    0.623405] alg: self-tests for generic-gcm-aesni-avx (gcm(aes)) passed
[    0.623446] alg: self-tests for ecb-aes-aesni (ecb(aes)) passed
[    0.623463] alg: self-tests for xts-aes-aesni (xts(aes)) passed
[    0.623806] alg: self-tests for drbg_nopr_ctr_aes256 (stdrng) passed
[    0.624194] alg: self-tests for drbg_nopr_ctr_aes192 (stdrng) passed
[    0.624263] alg: self-tests for xts-aes-aesni-avx (xts(aes)) passed
[    0.624270] alg: self-tests for drbg_pr_hmac_sha256 (stdrng) passed
[    0.624282] alg: self-tests for xts-aes-vaes-avx2 (xts(aes)) passed
[    0.624489] alg: self-tests for cts-cbc-aes-aesni (cts(cbc(aes))) passed
[    0.624561] alg: self-tests for drbg_pr_ctr_aes128 (stdrng) passed
[    0.624562] alg: self-tests for drbg_nopr_sha256 (stdrng) passed
[    0.624578] alg: self-tests for drbg_nopr_ctr_aes128 (stdrng) passed
[    0.624582] alg: self-tests for drbg_nopr_hmac_sha256 (stdrng) passed
[    0.624646] alg: self-tests for drbg_pr_sha256 (stdrng) passed
[    0.624647] alg: self-tests for rfc4106-gcm-aesni-avx (rfc4106(gcm(aes))) passed
[    0.624958] alg: self-tests for hmac(sha512-avx2) (hmac(sha512)) passed
[    0.625088] alg: self-tests for drbg_nopr_hmac_sha512 (stdrng) passed
[    0.625719] alg: self-tests for ecdsa-nist-p256-generic (ecdsa-nist-p256) passed
[    0.627041] alg: self-tests for ecdsa-nist-p384-generic (ecdsa-nist-p384) passed
[    0.629017] alg: self-tests for ecdsa-nist-p521-generic (ecdsa-nist-p521) passed
[    0.639164] Running certificate verification RSA selftest
[    0.639771] Loaded X.509 cert 'Certificate verification self-testing key: f58703bb33ce1b73ee02eccdee5b8817518fe3db'
[    0.640386] Running certificate verification ECDSA selftest
[    0.641493] Loaded X.509 cert 'Certificate verification ECDSA self-testing key: 2900bcea1deb7bc8479a84a23d758efdfdd2b2d3'
[    0.651445] Lockdown: swapper/0: hibernation is restricted; see man kernel_lockdown.7
[    0.651764] clk: Disabling unused clocks
[    0.652062] PM: genpd: Disabling unused power domains
[    0.664011] Freeing unused decrypted memory: 2028K
[    0.664774] Freeing unused kernel image (initmem) memory: 4348K
[    0.665085] Write protecting the kernel read-only data: 32768k
[    0.665462] Freeing unused kernel image (rodata/data gap) memory: 56K
[    0.670863] x86/mm: Checked W+X mappings: passed, no W+X pages found.
[    0.671158] Run /init as init process
[    0.671228]   with arguments:
[    0.671230]     /init
[    0.671230]   with environment:
[    0.671231]     HOME=/
[    0.671231]     TERM=linux
[    0.671232]     BOOT_IMAGE=(hd3,gpt1)/vmlinuz-6.12.0-124.40.1.el10_1.x86_64
[    0.671232]     boot=UUID=b3e6ae76-a2b9-4607-a7b7-bf0cab3e8c79
[    0.671233]     spec_store_bypass_disable=on
[    0.698214] systemd[1]: Successfully made /usr/ read-only.
[    0.698634] systemd[1]: systemd 257-13.el10-g833aa52 running in system mode (+PAM +AUDIT +SELINUX -APPARMOR +IMA +IPE +SMACK +SECCOMP -GCRYPT -GNUTLS +OPENSSL +ACL +BLKID +CURL +ELFUTILS +FIDO2 +IDN2 -IDN -IPTC +KMOD +LIBCRYPTSETUP +LIBCRYPTSETUP_PLUGINS +LIBFDISK +PCRE2 +PWQUALITY +P11KIT -QRENCODE +TPM2 +BZIP2 +LZ4 +XZ +ZLIB +ZSTD +BPF_FRAMEWORK +BTF +XKBCOMMON +UTMP +SYSVINIT +LIBARCHIVE)
[    0.698990] systemd[1]: Detected architecture x86-64.
[    0.699067] systemd[1]: Running in initrd.
[    0.699354] systemd[1]: Hostname set to <CYB3R14>.
[    0.699650] Lockdown: systemd: /dev/mem,kmem,port is restricted; see man kernel_lockdown.7
[    0.771376] systemd[1]: bpf-restrict-fs: LSM BPF program attached
[    0.790812] usb 1-1: new full-speed USB device number 2 using xhci_hcd
[    0.809719] systemd[1]: Queued start job for default target initrd.target.
[    0.841589] systemd[1]: Created slice system-modprobe.slice - Slice /system/modprobe.
[    0.842747] systemd[1]: Created slice system-systemd\x2dcryptsetup.slice - Slice /system/systemd-cryptsetup.
[    0.843574] systemd[1]: Expecting device dev-disk-by\x2duuid-359cd55d\x2d5003\x2d4eb3\x2d8c4c\x2d418c142b1e03.device - /dev/disk/by-uuid/359cd55d-5003-4eb3-8c4c-418c142b1e03...
[    0.843896] systemd[1]: Expecting device dev-disk-by\x2duuid-8829afeb\x2d743a\x2d4ced\x2da97d\x2dac2bb248e19e.device - /dev/disk/by-uuid/8829afeb-743a-4ced-a97d-ac2bb248e19e...
[    0.844214] systemd[1]: Expecting device dev-mapper-What\x2d\x2dThe\x2d\x2dRheliii\x2dRHIZOME.device - /dev/mapper/What--The--Rheliii-RHIZOME...
[    0.844558] systemd[1]: Reached target initrd-usr-fs.target - Initrd /usr File System.
[    0.844812] systemd[1]: Reached target slices.target - Slice Units.
[    0.845053] systemd[1]: Reached target swap.target - Swaps.
[    0.845297] systemd[1]: Reached target timers.target - Timer Units.
[    0.845568] systemd[1]: Listening on dbus.socket - D-Bus System Message Bus Socket.
[    0.846087] systemd[1]: Listening on iscsid.socket - Open-iSCSI iscsid Socket.
[    0.847098] systemd[1]: Listening on iscsiuio.socket - Open-iSCSI iscsiuio Socket.
[    0.848135] systemd[1]: Listening on systemd-journald-dev-log.socket - Journal Socket (/dev/log).
[    0.848710] systemd[1]: Listening on systemd-journald.socket - Journal Sockets.
[    0.849003] systemd[1]: Listening on systemd-udevd-control.socket - udev Control Socket.
[    0.849265] systemd[1]: Listening on systemd-udevd-kernel.socket - udev Kernel Socket.
[    0.849507] systemd[1]: Reached target sockets.target - Socket Units.
[    0.850265] systemd[1]: Starting kmod-static-nodes.service - Create List of Static Device Nodes...
[    0.850681] systemd[1]: memstrack.service - Memstrack Anylazing Service was skipped because no trigger condition checks were met.
[    0.851340] systemd[1]: Starting modprobe@dm_multipath.service - Load Kernel Module dm_multipath...
[    0.852213] systemd[1]: multipathd-configure.service - Device-Mapper Multipath Default Configuration was skipped because of an unmet condition check (ConditionKernelCommandLine=rd.multipath=default).
[    0.853524] systemd[1]: Starting systemd-journald.service - Journal Service...
[    0.854260] systemd[1]: Starting systemd-modules-load.service - Load Kernel Modules...
[    0.854918] systemd[1]: systemd-pcrphase-initrd.service - TPM PCR Barrier (initrd) was skipped because of an unmet condition check (ConditionSecurity=measured-uki).
[    0.855542] systemd[1]: Starting systemd-vconsole-setup.service - Virtual Console Setup...
[    0.856149] systemd[1]: Finished kmod-static-nodes.service - Create List of Static Device Nodes.
[    0.857275] systemd[1]: Starting systemd-tmpfiles-setup-dev-early.service - Create Static Device Nodes in /dev gracefully...
[    0.863639] i2c_dev: i2c /dev entries driver
[    0.866889] systemd-journald[336]: Collecting audit messages is disabled.
[    0.866958] device-mapper: core: CONFIG_IMA_DISABLE_HTABLE is disabled. Duplicate IMA measurements will not be recorded in the IMA log.
[    0.867406] device-mapper: uevent: version 1.0.3
[    0.867618] device-mapper: ioctl: 4.50.0-ioctl (2025-04-28) initialised: dm-devel@lists.linux.dev
[    0.869368] systemd[1]: Finished systemd-tmpfiles-setup-dev-early.service - Create Static Device Nodes in /dev gracefully.
[    0.870657] systemd[1]: Starting systemd-sysusers.service - Create System Users...
[    0.872585] systemd[1]: modprobe@dm_multipath.service: Deactivated successfully.
[    0.873111] systemd[1]: Finished modprobe@dm_multipath.service - Load Kernel Module dm_multipath.
[    0.873623] systemd[1]: multipathd.service - Device-Mapper Multipath Device Controller was skipped because of an unmet condition check (ConditionPathExists=/etc/multipath.conf).
[    0.880027] systemd[1]: Finished systemd-sysusers.service - Create System Users.
[    0.881267] systemd[1]: Starting systemd-tmpfiles-setup-dev.service - Create Static Device Nodes in /dev...
[    0.882196] fuse: init (API version 7.41)
[    0.882467] systemd[1]: Finished systemd-vconsole-setup.service - Virtual Console Setup.
[    0.882847] systemd[1]: dracut-cmdline-ask.service - dracut ask for additional cmdline parameters was skipped because no trigger condition checks were met.
[    0.883654] systemd[1]: Starting dracut-cmdline.service - dracut cmdline hook...
[    0.889291] systemd[1]: Finished systemd-tmpfiles-setup-dev.service - Create Static Device Nodes in /dev.
[    0.901095] VFIO - User Level meta-driver version: 0.3
[    0.919288] usb 1-1: New USB device found, idVendor=046d, idProduct=c52b, bcdDevice=12.11
[    0.919469] usb 1-1: New USB device strings: Mfr=1, Product=2, SerialNumber=0
[    0.919603] usb 1-1: Product: USB Receiver
[    0.919734] usb 1-1: Manufacturer: Logitech
[    0.922645] input: Logitech USB Receiver as /devices/pci0000:00/0000:00:14.0/usb1/1-1/1-1:1.0/0003:046D:C52B.0001/input/input3
[    0.923782] systemd[1]: Finished systemd-modules-load.service - Load Kernel Modules.
[    0.924706] systemd[1]: Starting systemd-sysctl.service - Apply Kernel Variables...
[    0.942318] systemd[1]: Finished systemd-sysctl.service - Apply Kernel Variables.
[    0.980432] Loading iSCSI transport class v2.0-870.
[    0.999231] iscsi: registered transport (tcp)
[    1.016762] libcxgbi:libcxgbi_init_module: Chelsio iSCSI driver library libcxgbi v0.9.1-ko (Apr. 2015)
[    1.025882] hid-generic 0003:046D:C52B.0001: input,hidraw0: USB HID v1.11 Keyboard [Logitech USB Receiver] on usb-0000:00:14.0-1/input0
[    1.028056] input: Logitech USB Receiver Mouse as /devices/pci0000:00/0000:00:14.0/usb1/1-1/1-1:1.1/0003:046D:C52B.0002/input/input4
[    1.028589] input: Logitech USB Receiver Consumer Control as /devices/pci0000:00/0000:00:14.0/usb1/1-1/1-1:1.1/0003:046D:C52B.0002/input/input5
[    1.029847] usb 2-1: new SuperSpeed USB device number 2 using xhci_hcd
[    1.041382] usb 2-1: New USB device found, idVendor=13fe, idProduct=2580, bcdDevice= 1.00
[    1.041569] usb 2-1: New USB device strings: Mfr=2, Product=3, SerialNumber=1
[    1.041694] usb 2-1: Product: P300
[    1.041832] usb 2-1: Manufacturer: PHILIPS
[    1.041952] usb 2-1: SerialNumber: 511240311081B000394
[    1.071200] Chelsio T4-T6 iSCSI Driver cxgb4i v0.9.5-ko (Apr. 2015)
[    1.071637] iscsi: registered transport (cxgb4i)
[    1.080004] input: Logitech USB Receiver System Control as /devices/pci0000:00/0000:00:14.0/usb1/1-1/1-1:1.1/0003:046D:C52B.0002/input/input6
[    1.080637] hid-generic 0003:046D:C52B.0002: input,hiddev96,hidraw1: USB HID v1.11 Mouse [Logitech USB Receiver] on usb-0000:00:14.0-1/input1
[    1.082297] hid-generic 0003:046D:C52B.0003: hiddev97,hidraw2: USB HID v1.11 Device [Logitech USB Receiver] on usb-0000:00:14.0-1/input2
[    1.087090] Warning: Unmaintained driver is detected: cnic
[    1.088990] Warning: Unmaintained driver is detected: cnic_init
[    1.089201] cnic: QLogic cnicDriver v2.5.22 (July 20, 2015)
[    1.096907] Warning: Unmaintained driver is detected: bnx2i
[    1.098468] Warning: Unmaintained driver is detected: bnx2i_mod_init
[    1.098692] QLogic NetXtreme II iSCSI Driver bnx2i v2.7.10.1 (Jul 16, 2014)
[    1.099219] iscsi: registered transport (bnx2i)
[    1.122976] iscsi: registered transport (be2iscsi)
[    1.123178] In beiscsi_module_init, tt=00000000306b0b07
[    1.194865] usb 1-2: new full-speed USB device number 3 using xhci_hcd
[    1.221539] systemd[1]: Finished dracut-cmdline.service - dracut cmdline hook.
[    1.222434] systemd[1]: Starting dracut-pre-udev.service - dracut pre-udev hook...
[    1.286072] alg: self-tests for crc32c-intel (crc32c) passed
[    1.291113] alg: self-tests for crct10dif-pclmul (crct10dif) passed
[    1.296465] alg: ghash (ghash-clmulni) is disabled due to FIPS
[    1.307649] alg: des3_ede (des3_ede-asm) is disabled due to FIPS
[    1.307666] alg: ecb(des3_ede) (ecb-des3_ede-asm) is disabled due to FIPS
[    1.307693] alg: cbc(des3_ede) (cbc-des3_ede-asm) is disabled due to FIPS
[    1.310919] alg: des (des-generic) is disabled due to FIPS
[    1.310932] alg: des3_ede (des3_ede-generic) is disabled due to FIPS
[    1.320496] usb 1-2: New USB device found, idVendor=3938, idProduct=1192, bcdDevice= 3.11
[    1.320855] usb 1-2: New USB device strings: Mfr=0, Product=1, SerialNumber=0
[    1.320953] usb 1-2: Product: 2.4G RF Keyboard & Mouse
[    1.323999] input: 2.4G RF Keyboard & Mouse as /devices/pci0000:00/0000:00:14.0/usb1/1-2/1-2:1.0/0003:3938:1192.0004/input/input8
[    1.395223] alg: No test for fips(ansi_cprng) (fips_ansi_cprng)
[    1.410303] alg: self-tests for sha1 (sha1) passed
[    1.410542] alg: self-tests for sha256 (sha256) passed
[    1.410778] alg: self-tests for ecb(aes) (ecb(aes)) passed
[    1.411339] alg: self-tests for cbc(aes) (cbc(aes)) passed
[    1.411923] alg: self-tests for xts(aes) (xts(aes)) passed
[    1.412162] alg: self-tests for ctr(aes) (ctr(aes)) passed
[    1.415030] alg: self-tests for rfc3686(ctr-aes-aesni) (rfc3686(ctr(aes))) passed
[    1.415310] alg: self-tests for rfc3686(ctr(aes)) (rfc3686(ctr(aes))) passed
[    1.415605] alg: self-tests for sha384 (sha384) passed
[    1.415891] alg: self-tests for sha512 (sha512) passed
[    1.416112] alg: self-tests for deflate (deflate) passed
[    1.416366] alg: self-tests for crc32c (crc32c) passed
[    1.416574] alg: self-tests for sha224 (sha224) passed
[    1.416929] alg: self-tests for gcm(aes) (gcm(aes)) passed
[    1.417098] alg: self-tests for lzo (lzo) passed
[    1.422135] alg: cbcmac(aes) (cbcmac(aes-aesni)) is disabled due to FIPS
[    1.423170] alg: self-tests for ccm_base(ctr-aes-aesni,cbcmac(aes-aesni)) (ccm(aes)) passed
[    1.423833] alg: self-tests for ccm(aes) (ccm(aes)) passed
[    1.424073] alg: self-tests for cts(cbc(aes)) (cts(cbc(aes))) passed
[    1.428842] hid-generic 0003:3938:1192.0004: input,hidraw3: USB HID v1.10 Keyboard [2.4G RF Keyboard & Mouse] on usb-0000:00:14.0-2/input0
[    1.429199] alg: self-tests for xxhash64-generic (xxhash64) passed
[    1.430695] alg: self-tests for xxhash64 (xxhash64) passed
[    1.432526] input: 2.4G RF Keyboard & Mouse as /devices/pci0000:00/0000:00:14.0/usb1/1-2/1-2:1.1/0003:3938:1192.0005/input/input9
[    1.433027] input: 2.4G RF Keyboard & Mouse as /devices/pci0000:00/0000:00:14.0/usb1/1-2/1-2:1.1/0003:3938:1192.0005/input/input10
[    1.433487] input: 2.4G RF Keyboard & Mouse Consumer Control as /devices/pci0000:00/0000:00:14.0/usb1/1-2/1-2:1.1/0003:3938:1192.0005/input/input11
[    1.433921] alg: self-tests for rfc4309(ccm_base(ctr-aes-aesni,cbcmac(aes-aesni))) (rfc4309(ccm(aes))) passed
[    1.434651] alg: self-tests for rfc4309(ccm(aes)) (rfc4309(ccm(aes))) passed
[    1.435034] alg: self-tests for crct10dif (crct10dif) passed
[    1.435192] alg: self-tests for sha3-224 (sha3-224) passed
[    1.435343] alg: self-tests for sha3-256 (sha3-256) passed
[    1.435497] alg: self-tests for sha3-384 (sha3-384) passed
[    1.435668] alg: self-tests for sha3-512 (sha3-512) passed
[    1.435812] alg: self-tests for hmac(sha1) (hmac(sha1)) passed
[    1.435974] alg: self-tests for hmac(sha256) (hmac(sha256)) passed
[    1.438671] alg: self-tests for hmac(sha384-avx2) (hmac(sha384)) passed
[    1.439257] alg: self-tests for hmac(sha384) (hmac(sha384)) passed
[    1.439669] alg: self-tests for hmac(sha512) (hmac(sha512)) passed
[    1.442500] alg: self-tests for hmac(sha224-ni) (hmac(sha224)) passed
[    1.442690] alg: self-tests for hmac(sha224) (hmac(sha224)) passed
[    1.445458] alg: self-tests for hmac(sha3-224-generic) (hmac(sha3-224)) passed
[    1.445734] alg: self-tests for hmac(sha3-224) (hmac(sha3-224)) passed
[    1.448486] alg: self-tests for hmac(sha3-256-generic) (hmac(sha3-256)) passed
[    1.448765] alg: self-tests for hmac(sha3-256) (hmac(sha3-256)) passed
[    1.451523] alg: self-tests for hmac(sha3-384-generic) (hmac(sha3-384)) passed
[    1.451822] alg: self-tests for hmac(sha3-384) (hmac(sha3-384)) passed
[    1.454559] alg: self-tests for hmac(sha3-512-generic) (hmac(sha3-512)) passed
[    1.454861] alg: self-tests for hmac(sha3-512) (hmac(sha3-512)) passed
[    1.455169] alg: self-tests for rfc4106(gcm(aes)) (rfc4106(gcm(aes))) passed
[    1.457866] alg: self-tests for cmac(aes-aesni) (cmac(aes)) passed
[    1.458048] alg: self-tests for cmac(aes) (cmac(aes)) passed
[    1.460889] alg: self-tests for authenc(hmac(sha1-ni),cbc-aes-aesni) (authenc(hmac(sha1),cbc(aes))) passed
[    1.461334] alg: self-tests for authenc(hmac(sha1),cbc(aes)) (authenc(hmac(sha1),cbc(aes))) passed
[    1.484023] input: 2.4G RF Keyboard & Mouse System Control as /devices/pci0000:00/0000:00:14.0/usb1/1-2/1-2:1.1/0003:3938:1192.0005/input/input12
[    1.484595] hid-generic 0003:3938:1192.0005: input,hiddev98,hidraw4: USB HID v1.10 Mouse [2.4G RF Keyboard & Mouse] on usb-0000:00:14.0-2/input1
[    1.592127] alg: self-tests for ffdhe2048(dh-generic) (ffdhe2048(dh)) passed
[    1.596930] usb 1-9: new full-speed USB device number 4 using xhci_hcd
[    1.700753] alg: self-tests for ffdhe2048(dh) (ffdhe2048(dh)) passed
[    1.727627] usb 1-9: New USB device found, idVendor=17ef, idProduct=c955, bcdDevice= 0.03
[    1.727785] usb 1-9: New USB device strings: Mfr=1, Product=2, SerialNumber=0
[    1.727880] usb 1-9: Product: ITE Device(8297)
[    1.727965] usb 1-9: Manufacturer: ITE Tech. Inc.
[    1.729995] hid-generic 0003:17EF:C955.0006: hiddev99,hidraw5: USB HID v1.10 Device [ITE Tech. Inc. ITE Device(8297)] on usb-0000:00:14.0-9/input0
[    1.818642] RPC: Registered named UNIX socket transport module.
[    1.818765] RPC: Registered udp transport module.
[    1.818895] RPC: Registered tcp transport module.
[    1.818986] RPC: Registered tcp-with-tls transport module.
[    1.819075] RPC: Registered tcp NFSv4.1 backchannel transport module.
[    1.841880] usb 1-11: new high-speed USB device number 5 using xhci_hcd
[    1.899400] wmi_bus wmi_bus-PNP0C14:02: [Firmware Info]: 93A57CD3-BBC6-46AB-951D-31F17CC968A0 has zero instances
[    1.966352] usb 1-11: New USB device found, idVendor=2109, idProduct=2815, bcdDevice= 7.54
[    1.966459] usb 1-11: New USB device strings: Mfr=1, Product=2, SerialNumber=0
[    1.966550] usb 1-11: Product: USB2.0 Hub             
[    1.966639] usb 1-11: Manufacturer: VIA Labs, Inc.         
[    1.967832] hub 1-11:1.0: USB hub found
[    1.968165] hub 1-11:1.0: 5 ports detected
[    2.095623] systemd[1]: Started systemd-journald.service - Journal Service.
[    2.401289] alg: self-tests for crc32-pclmul (crc32) passed
[    2.403226] logitech-djreceiver 0003:046D:C52B.0003: hiddev96,hidraw0: USB HID v1.11 Device [Logitech USB Receiver] on usb-0000:00:14.0-1/input2
[    2.429211] libata version 3.00 loaded.
[    2.437874] r8169 0000:04:00.0 eth0: RTL8125B, 6c:24:08:d8:71:83, XID 641, IRQ 133
[    2.437877] r8169 0000:04:00.0 eth0: jumbo features [frames: 16362 bytes, tx checksumming: ko]
[    2.438445] Key type psk registered
[    2.438563] nvme nvme1: pci function 0000:03:00.0
[    2.438564] nvme nvme0: pci function 0000:02:00.0
[    2.439320] r8169 0000:04:00.0 enp4s0: renamed from eth0
